C51 COMPILER V9.59.0.0   HAL_RS485                                                         05/21/2026 17:28:23 PAGE 1   


C51 COMPILER V9.59.0.0, COMPILATION OF MODULE HAL_RS485
OBJECT MODULE PLACED IN .\Objects\HAL_RS485.obj
COMPILER INVOKED BY: D:\KEIL_Liang\keil_C51\C51\BIN\C51.EXE ..\HAL\HAL_RS485.c OPTIMIZE(8,SPEED) BROWSE INCDIR(..\APP;..
                    -\HAL;..\MT;..\NOTE;..\OS;..\USER) DEBUG OBJECTEXTEND PRINT(.\Listings\HAL_RS485.lst) TABS(2) OBJECT(.\Objects\HAL_RS485.
                    -obj)

line level    source

   1          /*
   2          *定时器2作为串口2的波特率发生器，通过RS485发送数据
   3          */
   4          #include <STC8H.H>
   5          #include <string.h>
   6          #include "HAL_RS485.H"
   7          #include "HAL_PWMB_RFID.H"
   8          #include "HAL_RS485_CRC16.H"
   9          #define HAL_RS485_Enable P32//控制RS485的接受和发送，RS485_Enable为1时是发送状态，为0时是接收状态
  10          #define BRT (65536-MAIN_Fosc/115200UL/4)
  11          //static xdata unsigned char HAL_RS485_Sendflag=0;
  12          xdata HAL_RS485_TaskTypedef HAL_RS485_Task;
  13          void HAL_RS485_Config()//配置RS485任务参数
  14          {
  15   1        T2L=BRT;
  16   1        T2H=BRT>>8;
  17   1        AUXR &= 0xE3;
  18   1        AUXR |=0x14;//定时器2为定时器模式，1T模式,开启定时器2
  19   1        
  20   1        P_SW2 |=0x01;//串口2的引脚TXD设置为P4.7，RXD设置为P4.6
  21   1        S2CON |= 0x10;//串口2设置为模式0可变波特率8位数据方式，并允许串口接受数据
  22   1        IE2 |= 0x01;//允许串口2中断
  23   1        HAL_RS485_Enable=0;//默认处于接收状态
  24   1      }
  25          static void HAL_RXBuffer_Clear()//清空接收缓冲区
  26          {
  27   1        memset(HAL_RS485_Task.RXBuffer,0,HAL_RS485_RXBuffer_SIZE);//接收缓冲区清0
  28   1      }
  29          static void HAL_TXBuffer_Clear()//清空发送缓冲区
  30          {
  31   1        memset(HAL_RS485_Task.TXBuffer,0,HAL_RS485_TXBuffer_SIZE);//发送缓冲区清0
  32   1      }
  33          void HAL_RS485_Init()
  34          {
  35   1        xdata unsigned int *address;//地址字节
  36   1        address=0xFDFF;//地址字节为0xFDFF
  37   1        HAL_RS485_Config();//配置RS485任务参数
  38   1        HAL_RS485_Task.Address=*address;//地址字节
  39   1        if((HAL_RS485_Task.Address < 1) || (HAL_RS485_Task.Address > 247))//修改后的程序代码
  40   1        {
  41   2          HAL_RS485_Task.Address = SLAVE_ADDR_MODBUS;                
  42   2        }
  43   1        HAL_RS485_Task.TX_Busy=0;//数据发送标志位
  44   1        HAL_RS485_Task.RXFlag=0;//数据接收完成标志位
  45   1        HAL_RS485_Task.datadelay=0;//数据延迟字节，0表示不延迟，1表示延迟1个字节，2表示延迟2个字节，以此类推
  46   1        HAL_RS485_Task.datalen=0;//数据长度字节
  47   1        HAL_RXBuffer_Clear();//清空接收缓冲区
  48   1        HAL_TXBuffer_Clear();//清空发送缓冲区
  49   1      }
  50          //void HAL_RS485_SendByte(unsigned char senddata)//发送一个byte数据
  51          //{
  52          //  HAL_RS485_Enable=1;//发送状态
  53          //  S2BUF=senddata;
C51 COMPILER V9.59.0.0   HAL_RS485                                                         05/21/2026 17:28:23 PAGE 2   

  54          //  while(!HAL_RS485_Sendflag);//等待发送完成
  55          //  HAL_RS485_Enable=0;//接收状态
  56          //  HAL_RS485_Sendflag=0;//发送完成
  57          //}
  58          //void HAL_RS485_SendData(unsigned int senddata)//发送16位数据，高8位在前，低8位在后
  59          //{
  60          //  HAL_RS485_SendByte(senddata>>8);//发送高8位数据
  61          //  HAL_RS485_SendByte(senddata);//发送低8位数据
  62          //}
  63          //void HAL_RS485_Sendstring(unsigned char *str)//发送字符串
  64          //{
  65          //  while(*str)
  66          //  {
  67          //    HAL_RS485_SendByte(*str++);
  68          //  }
  69          //}
  70          
  71          unsigned int verify_Crc16(unsigned char *nData, unsigned int wLength)//计算CRC16校验值
  72          {
  73   1         unsigned char nTemp;
  74   1         unsigned int wCRCWord = 0xFFFF;
  75   1         while (wLength--)
  76   1         {
  77   2           nTemp = *nData++ ^ wCRCWord;
  78   2           wCRCWord >>= 8;
  79   2           wCRCWord  ^= wCRCTable[nTemp];
  80   2         }
  81   1         return wCRCWord;
  82   1      } // End: CRC16
  83          void HAL_RS485_Process()//处理接收数据
  84          {
  85   1        unsigned int xdata RXCRC16=0;
  86   1        unsigned char crc_low, crc_high;
  87   1        if(HAL_RS485_Task.TX_Busy)
  88   1        {
  89   2          return;
  90   2        }
  91   1        if(HAL_RS485_Task.TX_Busy == 0)
  92   1        {
  93   2          if(HAL_RS485_Task.TXDataSize)
  94   2          {
  95   3            HAL_RS485_Task.TX_Busy = 1;
  96   3            HAL_RS485_Enable = 1;
  97   3            S2BUF = HAL_RS485_Task.TXBuffer[0];
  98   3            HAL_RS485_Task.TXDatIdx = 0;
  99   3          }
 100   2        } 
 101   1        if(HAL_RS485_Task.datadelay)
 102   1        {
 103   2          HAL_RS485_Task.datadelay++;
 104   2          if(HAL_RS485_Task.datadelay>4)//等接收完成一个字节，延时4ms，再处理数据
 105   2          {
 106   3            HAL_RS485_Task.datadelay=0;//数据延迟字节清0
 107   3            if(HAL_RS485_Task.RXFlag==1)//判断是否接收完成一个字节
 108   3            {
 109   4              HAL_RS485_Task.RXFlag=0;//清除接收完成标志位
 110   4              if((HAL_RS485_Task.RXBuffer[0]==HAL_RS485_Task.Address)&&
 111   4                 (HAL_RS485_Task.RXBuffer[1] == MODBUS_COM_READ) &&
 112   4                 (HAL_RS485_Task.RXBuffer[2] == (MODBUS_REGISTER_START_ADDR >> 8)) &&
 113   4                 (HAL_RS485_Task.RXBuffer[3] == MODBUS_REGISTER_START_ADDR) &&
 114   4                 (HAL_RS485_Task.RXBuffer[4] == (MODBUS_REGISTER_COUNT >> 8)) &&
 115   4                 (HAL_RS485_Task.RXBuffer[5] == MODBUS_REGISTER_COUNT))
C51 COMPILER V9.59.0.0   HAL_RS485                                                         05/21/2026 17:28:23 PAGE 3   

 116   4                {
 117   5                    RXCRC16=verify_Crc16(HAL_RS485_Task.RXBuffer,6);//计算CRC16校验值
 118   5                    crc_low = (unsigned char)RXCRC16;
 119   5                    crc_high = (unsigned char)(RXCRC16 >> 8);
 120   5                    if((HAL_RS485_Task.RXBuffer[6]==crc_low)&&(HAL_RS485_Task.RXBuffer[7]==crc_high))
 121   5                    {
 122   6                      HAL_RS485_TXBuffer_Send();//发送数据包
 123   6                    }
 124   5                }
 125   4            }
 126   3          }
 127   2        }
 128   1      }
 129          void HAL_RS485_TXBuffer_Send()//发送MODBUS数据包
 130          {
 131   1        HAL_RS485_Task.TXDataSize = 13;
 132   1      }
 133          void hal_modbus_UpdateDat(unsigned char *dat,unsigned char len)
 134          {
 135   1        unsigned char idx = 0;
 136   1        unsigned char i;//
 137   1        unsigned int crc16;
 138   1      //  lenx = len / 2;
 139   1        //IE2 &= ~0x01; //关闭串口2中断
 140   1        HAL_RS485_Task.TXBuffer[idx++] = SLAVE_ADDR_MODBUS;
 141   1        HAL_RS485_Task.TXBuffer[idx++] = MODBUS_COM_READ;
 142   1        HAL_RS485_Task.TXBuffer[idx++] = len;  //数据长度
 143   1        for(i=0;i<len;i++)
 144   1        {
 145   2          HAL_RS485_Task.TXBuffer[idx++] = *dat;
 146   2          dat++;
 147   2        }
 148   1        crc16 = verify_Crc16(HAL_RS485_Task.TXBuffer,idx);
 149   1        HAL_RS485_Task.TXBuffer[idx++] = crc16;
 150   1        HAL_RS485_Task.TXBuffer[idx++] = crc16 >> 8;
 151   1      }
 152          
 153          void UART2_Isr() interrupt 8
 154          {
 155   1        if(S2CON & 0x02)//判断是否发送完成一个字节TXD
 156   1        {
 157   2          S2CON &=~0x02;
 158   2          HAL_RS485_Task.TXDatIdx++;
 159   2          if(HAL_RS485_Task.TXDatIdx >= HAL_RS485_Task.TXDataSize)
 160   2          {
 161   3            HAL_RS485_Enable = 0;
 162   3            HAL_RS485_Task.TXDataSize = 0;
 163   3            HAL_RS485_Task.TX_Busy = 0;
 164   3          }
 165   2          else
 166   2          {
 167   3            S2BUF = HAL_RS485_Task.TXBuffer[HAL_RS485_Task.TXDatIdx];
 168   3          }
 169   2        }
 170   1        if(S2CON & 0x01)//判断是否接收完成一个字节RXD
 171   1        {
 172   2          S2CON &= ~0x01;
 173   2          HAL_RS485_Task.RXBuffer[HAL_RS485_Task.datalen++]=S2BUF;//将接收到的数据字节存储到接收缓冲区
 174   2          if(HAL_RS485_Task.datalen==HAL_RS485_RXBuffer_SIZE)//判断是否接收完成一个数据包
 175   2          {
 176   3            HAL_RS485_Task.datalen=0;//数据长度字节清0
 177   3            HAL_RS485_Task.RXFlag=1;//设置接收完成标志位
C51 COMPILER V9.59.0.0   HAL_RS485                                                         05/21/2026 17:28:23 PAGE 4   

 178   3          }
 179   2          HAL_RS485_Task.datadelay=1;
 180   2        }
 181   1      }


MODULE INFORMATION:   STATIC OVERLAYABLE
   CODE SIZE        =    663    ----
   CONSTANT SIZE    =    512    ----
   XDATA SIZE       =     30       5
   PDATA SIZE       =   ----    ----
   DATA SIZE        =   ----       6
   IDATA SIZE       =   ----    ----
   BIT SIZE         =   ----    ----
END OF MODULE INFORMATION.


C51 COMPILATION COMPLETE.  0 WARNING(S),  0 ERROR(S)
