C51 COMPILER V9.59.0.0   HAL_TIMER4                                                        05/21/2026 17:28:22 PAGE 1   


C51 COMPILER V9.59.0.0, COMPILATION OF MODULE HAL_TIMER4
OBJECT MODULE PLACED IN .\Objects\HAL_Timer4.obj
COMPILER INVOKED BY: D:\KEIL_Liang\keil_C51\C51\BIN\C51.EXE ..\HAL\HAL_Timer4.c OPTIMIZE(8,SPEED) BROWSE INCDIR(..\APP;.
                    -.\HAL;..\MT;..\NOTE;..\OS;..\USER) DEBUG OBJECTEXTEND PRINT(.\Listings\HAL_Timer4.lst) TABS(2) OBJECT(.\Objects\HAL_Time
                    -r4.obj)

line level    source

   1          #include <STC8H.H>
   2          #include "HAL_TIMER4.H"
   3          
   4          unsigned char systick_ms;
   5          
   6          void HAL_Timer4_Init()
   7          {
   8   1        T4L=Timer4_Initial_Value;
   9   1        T4H=(Timer4_Initial_Value>>8);
  10   1        
  11   1        T4T3M &=0x0F;
  12   1        IE2 |=0x40;//打开定时器4中断
  13   1        EA=1;//打开总中断
  14   1        T4T3M |=0x80;//启动定时器
  15   1      }
  16          
  17          void Systick_Halder() interrupt 20
  18          {
  19   1        systick_ms=1;
  20   1      }


MODULE INFORMATION:   STATIC OVERLAYABLE
   CODE SIZE        =     22    ----
   CONSTANT SIZE    =   ----    ----
   XDATA SIZE       =   ----    ----
   PDATA SIZE       =   ----    ----
   DATA SIZE        =      1    ----
   IDATA SIZE       =   ----    ----
   BIT SIZE         =   ----    ----
END OF MODULE INFORMATION.


C51 COMPILATION COMPLETE.  0 WARNING(S),  0 ERROR(S)
