C51 COMPILER V9.59.0.0   HAL_IIC                                                           05/21/2026 17:28:23 PAGE 1   


C51 COMPILER V9.59.0.0, COMPILATION OF MODULE HAL_IIC
OBJECT MODULE PLACED IN .\Objects\HAL_IIC.obj
COMPILER INVOKED BY: D:\KEIL_Liang\keil_C51\C51\BIN\C51.EXE ..\HAL\HAL_IIC.c OPTIMIZE(8,SPEED) BROWSE INCDIR(..\APP;..\H
                    -AL;..\MT;..\NOTE;..\OS;..\USER) DEBUG OBJECTEXTEND PRINT(.\Listings\HAL_IIC.lst) TABS(2) OBJECT(.\Objects\HAL_IIC.obj)

line level    source

   1          /*
   2          IIC驱动EEPROM：AT24C128芯片
   3          FOSC:40Mhz
   4          功能：
   5          写入一个字节 HAL_IICWriteByte
   6          写入多个字节 HAL_IICWritePage
   7          读一个字节   HAL_IICReadByte
   8          读多个字节   HAL_IICReaddata
   9          */
  10          #include <STC8H.H>
  11          #include "HAL_IIC.h"
  12          sbit SDA=P7^6;//IIC数据线接口
  13          sbit SCL=P7^7;//IIC时钟线接口
  14          void HAL_IICInit()
  15          {
  16   1        P_SW2 &= 0xCF;//B5,B4位清零
  17   1        P_SW2 |= 0x20;//IIC引脚切换，SDA：P7^6 SCL:P7^7
  18   1        I2CCFG=0xE0;//允许IIC功能，主机模式，IIC总线速度：FOSC/2/(MSSPEED*2+4) 294khz
  19   1        I2CMSCR=0x80;//允许主机模式的中断
  20   1        SDA=1;
  21   1        SCL=1;
  22   1        I2CMSST=0x00;
  23   1      }
  24          void HAL_IICWait()
  25          {
  26   1        while(!(I2CMSST & 0x40));
  27   1        I2CMSST &= ~0x40;
  28   1      }
  29          void HAL_IICStart()
  30          {
  31   1        I2CMSCR=0x01;//发送START信号
  32   1        HAL_IICWait();
  33   1      }
  34          void HAL_IICSendData(unsigned char dat)
  35          {
  36   1        I2CTXD=dat;
  37   1        I2CMSCR=0x02;//发送数据
  38   1        HAL_IICWait();
  39   1      }
  40          void HAL_IICRecACK()
  41          {
  42   1        I2CMSCR=0x03;//接收ACK信号
  43   1        HAL_IICWait();
  44   1      }
  45          unsigned char HAL_IICRecdata()
  46          {
  47   1        I2CMSCR=0x04;//接收数据
  48   1        HAL_IICWait();
  49   1        return I2CRXD;
  50   1      }
  51          void HAL_IICSendACK()//发送ACK信号
  52          {
  53   1        I2CMSST=0x00;
  54   1        I2CMSCR=0x05;
C51 COMPILER V9.59.0.0   HAL_IIC                                                           05/21/2026 17:28:23 PAGE 2   

  55   1        HAL_IICWait();
  56   1      }
  57          void HAL_IICSendNACK()
  58          {
  59   1        I2CMSST=0x01;
  60   1        I2CMSCR=0x05;
  61   1        HAL_IICWait();
  62   1      }
  63          void HAL_IICStop()
  64          {
  65   1        I2CMSCR=0x06;//发送停止信号
  66   1        HAL_IICWait();
  67   1      }
  68          


MODULE INFORMATION:   STATIC OVERLAYABLE
   CODE SIZE        =    121    ----
   CONSTANT SIZE    =   ----    ----
   XDATA SIZE       =   ----    ----
   PDATA SIZE       =   ----    ----
   DATA SIZE        =   ----    ----
   IDATA SIZE       =   ----    ----
   BIT SIZE         =   ----    ----
END OF MODULE INFORMATION.


C51 COMPILATION COMPLETE.  0 WARNING(S),  0 ERROR(S)
