C51 COMPILER V9.59.0.0   HAL_UART                                                          05/21/2026 17:28:22 PAGE 1   


C51 COMPILER V9.59.0.0, COMPILATION OF MODULE HAL_UART
OBJECT MODULE PLACED IN .\Objects\HAL_Uart.obj
COMPILER INVOKED BY: D:\KEIL_Liang\keil_C51\C51\BIN\C51.EXE ..\HAL\HAL_Uart.c OPTIMIZE(8,SPEED) BROWSE INCDIR(..\APP;..\
                    -HAL;..\MT;..\NOTE;..\OS;..\USER) DEBUG OBJECTEXTEND PRINT(.\Listings\HAL_Uart.lst) TABS(2) OBJECT(.\Objects\HAL_Uart.obj
                    -)

line level    source

   1          #include "HAL_UART.H"
   2          #include <STC8H.H>
   3          #define UART_BAUDRATE (65536-(MAIN_Fosc/4/115200))
   4          void HAL_UART1_Init()
   5          {
   6   1          P_SW1&=0x0F;
   7   1          SCON&=0x3F;//8位数据,1位停止位,无校验位
   8   1          SCON|=0x50;//串口1模式1，允许串口接收数据
   9   1          AUXR&=0xFE;//串口1波特率发生器配置为定时器1
  10   1          //定时器1配置
  11   1          TMOD&=0x0F;//定时器1配置为模式0
  12   1          TH1=UART_BAUDRATE>>8;
  13   1          TL1=UART_BAUDRATE;
  14   1          AUXR|=0x40;//定时器1为1T模式
  15   1          TR1=1;
  16   1      }
  17          void HAL_UART1_SendByte(unsigned char dat)
  18          {
  19   1          SBUF=dat;
  20   1          while(!TI);
  21   1          TI=0;
  22   1      }
  23          void HAL_UART1_SendString(unsigned char *dat)
  24          {
  25   1          while(*dat)
  26   1          {
  27   2              HAL_UART1_SendByte(*dat);
  28   2              dat++;
  29   2          }
  30   1      }


MODULE INFORMATION:   STATIC OVERLAYABLE
   CODE SIZE        =     54    ----
   CONSTANT SIZE    =   ----    ----
   XDATA SIZE       =   ----    ----
   PDATA SIZE       =   ----    ----
   DATA SIZE        =   ----    ----
   IDATA SIZE       =   ----    ----
   BIT SIZE         =   ----    ----
END OF MODULE INFORMATION.


C51 COMPILATION COMPLETE.  0 WARNING(S),  0 ERROR(S)
