C51 COMPILER V9.59.0.0   HAL_DS1302                                                        05/13/2026 22:47:35 PAGE 1   


C51 COMPILER V9.59.0.0, COMPILATION OF MODULE HAL_DS1302
OBJECT MODULE PLACED IN .\Objects\HAL_DS1302.obj
COMPILER INVOKED BY: D:\KEIL_Liang\keil_C51\C51\BIN\C51.EXE ..\HAL\HAL_DS1302.c OPTIMIZE(8,SPEED) BROWSE INCDIR(..\APP;.
                    -.\HAL;..\MT;..\NOTE;..\OS;..\USER) DEBUG OBJECTEXTEND PRINT(.\Listings\HAL_DS1302.lst) TABS(2) OBJECT(.\Objects\HAL_DS13
                    -02.obj)

line level    source

   1          #include <STC8H.H>
   2          #include "HAL_DS1302.H"
   3          #define HAL_DS1302_RST P71    //高电平可以操作DS1302芯片
   4          #define HAL_DS1302_IO  P64    //数据线
   5          #define HAL_DS1302_CLK  P65   //时钟线
   6          //低电平写数据，上升沿数据写入DS1302
   7          void HAL_DS1302_W_Byte(unsigned char dat)
   8          {
   9   1        unsigned char xdata i;
  10   1        for(i=0;i<8;i++)
  11   1        {
  12   2          HAL_DS1302_CLK=0;
  13   2          if(dat&0x01)
  14   2            HAL_DS1302_IO=1;
  15   2          else
  16   2            HAL_DS1302_IO=0;
  17   2          dat>>=1;
  18   2          HAL_DS1302_CLK=1;
  19   2        }
  20   1      }
  21          //下降沿DS1302送出数据
  22          unsigned char HAL_DS1302_R_Byte()
  23          {
  24   1        unsigned char dat,j;
  25   1        dat=0;
  26   1        for(j=0;j<8;j++)
  27   1        {
  28   2          HAL_DS1302_CLK=0;
  29   2          dat>>=1;
  30   2          if(HAL_DS1302_IO)
  31   2            dat|=0x80;
  32   2          HAL_DS1302_CLK=1;
  33   2        }
  34   1        return dat;
  35   1      }
  36          void HAL_DS1302_W_DATA(unsigned char add,unsigned char dat)
  37          {
  38   1        HAL_DS1302_RST=0;
  39   1        HAL_DS1302_CLK=0;
  40   1        HAL_DS1302_RST=1;
  41   1        HAL_DS1302_W_Byte(add);
  42   1        HAL_DS1302_W_Byte(dat);
  43   1        HAL_DS1302_CLK=0;
  44   1        HAL_DS1302_RST=0;
  45   1      }
  46          unsigned char HAL_DS1302_R_DATA(unsigned char add)
  47          {
  48   1        unsigned char dat;
  49   1        HAL_DS1302_RST=0;
  50   1        HAL_DS1302_CLK=0;
  51   1        HAL_DS1302_RST=1;
  52   1        HAL_DS1302_W_Byte(add);
  53   1        dat=HAL_DS1302_R_Byte();
C51 COMPILER V9.59.0.0   HAL_DS1302                                                        05/13/2026 22:47:35 PAGE 2   

  54   1        HAL_DS1302_CLK=0;
  55   1        HAL_DS1302_RST=0;
  56   1        return dat;
  57   1      }


MODULE INFORMATION:   STATIC OVERLAYABLE
   CODE SIZE        =    108    ----
   CONSTANT SIZE    =   ----    ----
   XDATA SIZE       =   ----       1
   PDATA SIZE       =   ----    ----
   DATA SIZE        =   ----    ----
   IDATA SIZE       =   ----    ----
   BIT SIZE         =   ----    ----
END OF MODULE INFORMATION.


C51 COMPILATION COMPLETE.  0 WARNING(S),  0 ERROR(S)
