C51 COMPILER V9.59.0.0   MT_IIC_AT24C128                                                   05/21/2026 17:28:24 PAGE 1   


C51 COMPILER V9.59.0.0, COMPILATION OF MODULE MT_IIC_AT24C128
OBJECT MODULE PLACED IN .\Objects\MT_IIC_AT24C128.obj
COMPILER INVOKED BY: D:\KEIL_Liang\keil_C51\C51\BIN\C51.EXE ..\MT\MT_IIC_AT24C128.c OPTIMIZE(8,SPEED) BROWSE INCDIR(..\A
                    -PP;..\HAL;..\MT;..\NOTE;..\OS;..\USER) DEBUG OBJECTEXTEND PRINT(.\Listings\MT_IIC_AT24C128.lst) TABS(2) OBJECT(.\Objects
                    -\MT_IIC_AT24C128.obj)

line level    source

   1          #include "HAL_IIC.h"
   2          #include "MT_IIC_AT24C128.H"
   3          void MT_IICWriteByte(unsigned int regadd,unsigned char *dataadd)
   4          {
   5   1        HAL_IICStart();
   6   1        HAL_IICSendData(0xA0);//AT24C128芯片设备地址0xA0,写数据
   7   1        HAL_IICRecACK();//接收ACK信号
   8   1        HAL_IICSendData(regadd>>8);//写入寄存器地址高八位
   9   1        HAL_IICRecACK();
  10   1        HAL_IICSendData(regadd);//写入寄存器地址低八位
  11   1        HAL_IICRecACK();
  12   1        
  13   1        HAL_IICSendData(*dataadd);//写入数据
  14   1        HAL_IICRecACK();
  15   1        HAL_IICStop();
  16   1      }
  17          /*IIC页写，一次最多写入64
  18          startadd EEPROM起始地址
  19          writenumberadd  要写入数据的起始地址
  20          datalen 写入数据的长度
  21          */
  22          void MT_IICWritePage(unsigned int startadd,unsigned char xdata *writenumberadd,unsigned int datalen)
  23          {
  24   1        unsigned char xdata i,j,k;
  25   1        unsigned int xdata startlen;//起始页数据长度（小于64）
  26   1        unsigned char xdata pagenumber;//整页写的页数
  27   1        unsigned char xdata ramaininglen;//中间页和结束页的数据长度
  28   1        unsigned char xdata lastlen;//结束页数据长度（小于64）
  29   1        unsigned int xdata currentadd;//
  30   1        unsigned char xdata *currentwriteadd;//保存要写入数据的起始地址
  31   1        
  32   1        currentadd=startadd;
  33   1        currentwriteadd=writenumberadd;
  34   1        //判断起始页地址是否是页起始地址
  35   1        if(currentadd%EEPROM_PAGE_SIZE)
  36   1        {
  37   2          startlen=EEPROM_PAGE_SIZE-currentadd%EEPROM_PAGE_SIZE;
  38   2          if(startlen>datalen)
  39   2          {
  40   3            startlen=datalen;
  41   3          }
  42   2        }
  43   1        else
  44   1        {
  45   2          startlen=0;
  46   2        }
  47   1        //起始页数据写入
  48   1        if(startlen)
  49   1        {
  50   2          HAL_IICStart();
  51   2          HAL_IICSendData(0xA0);//AT24C128芯片设备地址0xA0,写数据
  52   2          HAL_IICRecACK();//接收ACK信号
  53   2          HAL_IICSendData(currentadd>>8);//写入地址高八位
C51 COMPILER V9.59.0.0   MT_IIC_AT24C128                                                   05/21/2026 17:28:24 PAGE 2   

  54   2          HAL_IICRecACK();
  55   2          HAL_IICSendData(currentadd);//写入地址低八位
  56   2          HAL_IICRecACK();
  57   2          for(i=0;i<startlen;i++)
  58   2          {
  59   3            HAL_IICSendData(*currentwriteadd);//写入数据
  60   3            HAL_IICRecACK();
  61   3            currentwriteadd++;
  62   3          }
  63   2          HAL_IICStop();
  64   2        }
  65   1        
  66   1        ramaininglen=datalen-startlen;//剩下页数据长度
  67   1        pagenumber=ramaininglen/EEPROM_PAGE_SIZE;
  68   1        lastlen=ramaininglen%EEPROM_PAGE_SIZE;
  69   1        currentadd+=startlen;
  70   1        
  71   1        //中间页数据写入
  72   1        if(pagenumber)
  73   1        {
  74   2          for(i=0;i<pagenumber;i++)
  75   2          {
  76   3            HAL_IICStart();
  77   3            HAL_IICSendData(0xA0);//AT24C128芯片设备地址0xA0,写数据
  78   3            HAL_IICRecACK();//接收ACK信号
  79   3            HAL_IICSendData(currentadd>>8);//写入地址高八位
  80   3            HAL_IICRecACK();
  81   3            HAL_IICSendData(currentadd);//写入地址低八位
  82   3            HAL_IICRecACK();
  83   3            for(j=0;j<EEPROM_PAGE_SIZE;j++)
  84   3            {
  85   4              HAL_IICSendData(*currentwriteadd);//写入数据
  86   4              HAL_IICRecACK();
  87   4              currentwriteadd++;
  88   4            }
  89   3            HAL_IICStop();
  90   3            currentadd+=EEPROM_PAGE_SIZE;
  91   3          }
  92   2        }
  93   1        //结束页数据写入
  94   1        if(lastlen)
  95   1        {
  96   2          HAL_IICStart();
  97   2          HAL_IICSendData(0xA0);//AT24C128芯片设备地址0xA0,写数据
  98   2          HAL_IICRecACK();//接收ACK信号
  99   2          HAL_IICSendData(currentadd>>8);//写入地址高八位
 100   2          HAL_IICRecACK();
 101   2          HAL_IICSendData(currentadd);//写入地址低八位
 102   2          HAL_IICRecACK();
 103   2          for(k=0;k<lastlen;k++)
 104   2          {
 105   3            HAL_IICSendData(*currentwriteadd);//写入数据
 106   3            HAL_IICRecACK();
 107   3            currentwriteadd++;
 108   3          }
 109   2          HAL_IICStop();
 110   2          currentadd+=lastlen;
 111   2        }
 112   1      }
 113          
 114          void MT_IICReadByte(unsigned int regadd,unsigned char *dataadd)
 115          {
C51 COMPILER V9.59.0.0   MT_IIC_AT24C128                                                   05/21/2026 17:28:24 PAGE 3   

 116   1        HAL_IICStart();
 117   1        HAL_IICSendData(0xA0);
 118   1        HAL_IICRecACK();
 119   1        HAL_IICSendData(regadd>>8);//写入地址高八位
 120   1        HAL_IICRecACK();
 121   1        HAL_IICSendData(regadd);//写入地址低八位
 122   1        HAL_IICRecACK();
 123   1        
 124   1        HAL_IICStart();
 125   1        HAL_IICSendData(0xA1);
 126   1        HAL_IICRecACK();
 127   1        *dataadd=HAL_IICRecdata();
 128   1        HAL_IICSendNACK();
 129   1        HAL_IICStop();
 130   1      }
 131          void MT_IICReaddata(unsigned int startadd,unsigned char xdata *readnumberadd,unsigned int datalen)
 132          {
 133   1        unsigned int xdata i;
 134   1        HAL_IICStart();
 135   1        HAL_IICSendData(0xA0);
 136   1        HAL_IICRecACK();
 137   1        HAL_IICSendData(startadd>>8);//写入地址高八位
 138   1        HAL_IICRecACK();
 139   1        HAL_IICSendData(startadd);//写入地址低八位
 140   1        HAL_IICRecACK();
 141   1        
 142   1        HAL_IICStart();
 143   1        HAL_IICSendData(0xA1);
 144   1        HAL_IICRecACK();
 145   1        for(i=0;i<(datalen-1);i++)
 146   1        {
 147   2          *readnumberadd=HAL_IICRecdata();
 148   2          HAL_IICSendACK();
 149   2          readnumberadd++;
 150   2        }
 151   1        *readnumberadd=HAL_IICRecdata();//防止指针溢出
 152   1        HAL_IICSendNACK();
 153   1        HAL_IICStop();
 154   1      }


MODULE INFORMATION:   STATIC OVERLAYABLE
   CODE SIZE        =    715    ----
   CONSTANT SIZE    =   ----    ----
   XDATA SIZE       =   ----      12
   PDATA SIZE       =   ----    ----
   DATA SIZE        =   ----      20
   IDATA SIZE       =   ----    ----
   BIT SIZE         =   ----    ----
END OF MODULE INFORMATION.


C51 COMPILATION COMPLETE.  0 WARNING(S),  0 ERROR(S)
