C51 COMPILER V9.59.0.0   MT_TASK                                                           05/21/2026 17:28:23 PAGE 1   


C51 COMPILER V9.59.0.0, COMPILATION OF MODULE MT_TASK
OBJECT MODULE PLACED IN .\Objects\MT_Task.obj
COMPILER INVOKED BY: D:\KEIL_Liang\keil_C51\C51\BIN\C51.EXE ..\MT\MT_Task.c OPTIMIZE(8,SPEED) BROWSE INCDIR(..\APP;..\HA
                    -L;..\MT;..\NOTE;..\OS;..\USER) DEBUG OBJECTEXTEND PRINT(.\Listings\MT_Task.lst) TABS(2) OBJECT(.\Objects\MT_Task.obj)

line level    source

   1          #include "MT_TASK.H"
   2          #include "MT_TK_LED.H"
   3          #include "MT_TFTLCD.H"
   4          #include "MT_DS1302.H"
   5          #include "HAL_TFTLCD_SPI.H"
   6          #include "MT_MODBUS.H"
   7          #include "MT_PWMB_RFID.H"
   8          void MT_Task_Init()
   9          {
  10   1        MT_TKLED_Init();
  11   1        MT_TFTLCD_BColorfill(0,0,160,128,BLACK);
  12   1        HAL_TFTLCD_BL_Control(HAL_TFTLCD_ENABLE);
  13   1        MT_DS1302_Init();
  14   1        MT_PWMB_RFID_Init();
  15   1        mt_modbus_Init();
  16   1      }
  17          void MT_Task()
  18          {
  19   1        MT_PWMB_RFID_Process();//处理RFID数据
  20   1        MT_TKLED_pro();//触摸按键更新函数
  21   1        mt_modbus_Pro();//MODBUS更新函数
  22   1      }


MODULE INFORMATION:   STATIC OVERLAYABLE
   CODE SIZE        =     47    ----
   CONSTANT SIZE    =   ----    ----
   XDATA SIZE       =   ----    ----
   PDATA SIZE       =   ----    ----
   DATA SIZE        =   ----    ----
   IDATA SIZE       =   ----    ----
   BIT SIZE         =   ----    ----
END OF MODULE INFORMATION.


C51 COMPILATION COMPLETE.  0 WARNING(S),  0 ERROR(S)
