C51 COMPILER V9.59.0.0   NOTE                                                              05/21/2026 17:28:24 PAGE 1   


C51 COMPILER V9.59.0.0, COMPILATION OF MODULE NOTE
OBJECT MODULE PLACED IN .\Objects\note.obj
COMPILER INVOKED BY: D:\KEIL_Liang\keil_C51\C51\BIN\C51.EXE ..\NOTE\note.c OPTIMIZE(8,SPEED) BROWSE INCDIR(..\APP;..\HAL
                    -;..\MT;..\NOTE;..\OS;..\USER) DEBUG OBJECTEXTEND PRINT(.\Listings\note.lst) TABS(2) OBJECT(.\Objects\note.obj)

line level    source

   1          /*
   2          定时器0用于产生125kHZ频率
   3          定时器1用做串口1波特率发生器
   4          定时器2用做串口2波特率发生器
   5          定时器3用于Wiegand协议发送数据
   6          定时器4用于产生1ms定时中断
   7          */


MODULE INFORMATION:   STATIC OVERLAYABLE
   CODE SIZE        =   ----    ----
   CONSTANT SIZE    =   ----    ----
   XDATA SIZE       =   ----    ----
   PDATA SIZE       =   ----    ----
   DATA SIZE        =   ----    ----
   IDATA SIZE       =   ----    ----
   BIT SIZE         =   ----    ----
END OF MODULE INFORMATION.


C51 COMPILATION COMPLETE.  0 WARNING(S),  0 ERROR(S)
