C51 COMPILER V9.59.0.0   OS_SYSTEM                                                         05/13/2026 22:47:37 PAGE 1   


C51 COMPILER V9.59.0.0, COMPILATION OF MODULE OS_SYSTEM
OBJECT MODULE PLACED IN .\Objects\OS_System.obj
COMPILER INVOKED BY: D:\KEIL_Liang\keil_C51\C51\BIN\C51.EXE ..\OS\OS_System.c OPTIMIZE(8,SPEED) BROWSE INCDIR(..\APP;..\
                    -HAL;..\MT;..\NOTE;..\OS;..\USER) DEBUG OBJECTEXTEND PRINT(.\Listings\OS_System.lst) TABS(2) OBJECT(.\Objects\OS_System.o
                    -bj)

line level    source

   1          #include "OS_SYSTEM.H"
   2          volatile TaskTypedef xdata task[tasksum];
   3          //任务初始化
   4          void System_taskInit()
   5          {
   6   1        unsigned char xdata i;
   7   1        for(i=0;i<tasksum;i++)
   8   1        {
   9   2          task[i].ptask=0;
  10   2          task[i].state=OS_taskSleep;
  11   2          task[i].RunPeriod=0;
  12   2          task[i].Runtimer=0;
  13   2        }
  14   1      }
  15          //任务创建
  16          void System_taskcreat(void (*p)(void),TaskIDTypedef ID,unsigned short taskperiod)
  17          {
  18   1        if(!task[ID].ptask)
  19   1        {
  20   2          task[ID].ptask=p;
  21   2          task[ID].state=OS_taskSleep;
  22   2          task[ID].RunPeriod=taskperiod;
  23   2          task[ID].Runtimer=0;
  24   2        }
  25   1      }
  26          //任务调度函数,函数应放在定时器中断中
  27          void System_ClockInterrupt()
  28          {
  29   1        unsigned char xdata i;
  30   1        for(i=0;i<tasksum;i++)
  31   1        {
  32   2          if(task[i].ptask)
  33   2          {
  34   3            task[i].Runtimer++;
  35   3            if(task[i].Runtimer>task[i].RunPeriod-1)
  36   3            {
  37   4              task[i].Runtimer=0;
  38   4              task[i].state=OS_taskRun;
  39   4            }
  40   3          }
  41   2        }
  42   1      }
  43          //任务启动函数
  44          void System_TaskdStart()
  45          {
  46   1        unsigned char xdata i;
  47   1        while(1)
  48   1        {
  49   2          for(i=0;i<tasksum;i++)
  50   2          {
  51   3            if(task[i].state == OS_taskRun)
  52   3            {
  53   4              task[i].state=OS_taskSleep;
C51 COMPILER V9.59.0.0   OS_SYSTEM                                                         05/13/2026 22:47:37 PAGE 2   

  54   4              (*(task[i].ptask))();
  55   4            }
  56   3          }
  57   2        }
  58   1      }


MODULE INFORMATION:   STATIC OVERLAYABLE
   CODE SIZE        =    476    ----
   CONSTANT SIZE    =   ----    ----
   XDATA SIZE       =     16       3
   PDATA SIZE       =   ----    ----
   DATA SIZE        =   ----       6
   IDATA SIZE       =   ----    ----
   BIT SIZE         =   ----    ----
END OF MODULE INFORMATION.


C51 COMPILATION COMPLETE.  0 WARNING(S),  0 ERROR(S)
