BL51 BANKED LINKER/LOCATER V6.22.2.0                                                    05/21/2026  17:28:24  PAGE 1


BL51 BANKED LINKER/LOCATER V6.22.2.0, INVOKED BY:
D:\KEIL_LIANG\KEIL_C51\C51\BIN\BL51.EXE .\Objects\STARTUP.obj, .\Objects\main.obj, .\Objects\HAL_Backlight.obj, .\Object
>> s\HAL_Task.obj, .\Objects\HAL_Timer4.obj, .\Objects\HAL_GPIO.obj, .\Objects\HAL_TouchKey.obj, .\Objects\HAL_TFTLCD_SP
>> I.obj, .\Objects\HAL_DS1302.obj, .\Objects\HAL_PWMA_horn.obj, .\Objects\HAL_PWMB_RFID.obj, .\Objects\HAL_Uart.obj, .\
>> Objects\HAL_RS485.obj, .\Objects\HAL_Wiegand.obj, .\Objects\HAL_Wiegand_Receive.obj, .\Objects\HAL_LOCK.obj, .\Object
>> s\HAL_IIC.obj, .\Objects\MT_Task.obj, .\Objects\MT_TK_LED.obj, .\Objects\MT_TFTLCD.obj, .\Objects\MT_DS1302.obj, .\Ob
>> jects\MT_PWMA_horn.obj, .\Objects\MT_PWMB_RFID.obj, .\Objects\MT_ModBus.obj, .\Objects\MT_IIC_AT24C128.obj, .\Objects
>> \APP_Task.obj, .\Objects\para.obj, .\Objects\OS_System.obj, .\Objects\note.obj TO .\Objects\SmartDoorLock PRINT (.\Li
>> stings\SmartDoorLock.m51) RAMSIZE (256) DISABLEWARNING (16)


MEMORY MODEL: SMALL


INPUT MODULES INCLUDED:
  .\Objects\STARTUP.obj (?C_STARTUP)
  .\Objects\main.obj (MAIN)
  .\Objects\HAL_Backlight.obj (HAL_BACKLIGHT)
  .\Objects\HAL_Task.obj (HAL_TASK)
  .\Objects\HAL_Timer4.obj (HAL_TIMER4)
  .\Objects\HAL_GPIO.obj (HAL_GPIO)
  .\Objects\HAL_TouchKey.obj (HAL_TOUCHKEY)
  .\Objects\HAL_TFTLCD_SPI.obj (HAL_TFTLCD_SPI)
  .\Objects\HAL_DS1302.obj (HAL_DS1302)
  .\Objects\HAL_PWMA_horn.obj (HAL_PWMA_HORN)
  .\Objects\HAL_PWMB_RFID.obj (HAL_PWMB_RFID)
  .\Objects\HAL_Uart.obj (HAL_UART)
  .\Objects\HAL_RS485.obj (HAL_RS485)
  .\Objects\HAL_Wiegand.obj (HAL_WIEGAND)
  .\Objects\HAL_Wiegand_Receive.obj (HAL_WIEGAND_RECEIVE)
  .\Objects\HAL_LOCK.obj (HAL_LOCK)
  .\Objects\HAL_IIC.obj (HAL_IIC)
  .\Objects\MT_Task.obj (MT_TASK)
  .\Objects\MT_TK_LED.obj (MT_TK_LED)
  .\Objects\MT_TFTLCD.obj (MT_TFTLCD)
  .\Objects\MT_DS1302.obj (MT_DS1302)
  .\Objects\MT_PWMA_horn.obj (MT_PWMA_HORN)
  .\Objects\MT_PWMB_RFID.obj (MT_PWMB_RFID)
  .\Objects\MT_ModBus.obj (MT_MODBUS)
  .\Objects\MT_IIC_AT24C128.obj (MT_IIC_AT24C128)
  .\Objects\APP_Task.obj (APP_TASK)
  .\Objects\para.obj (PARA)
  .\Objects\OS_System.obj (OS_SYSTEM)
  .\Objects\note.obj (NOTE)
  D:\KEIL_LIANG\KEIL_C51\C51\LIB\C51S.LIB (?C_INIT)
  D:\KEIL_LIANG\KEIL_C51\C51\LIB\C51S.LIB (?C?COPY)
  D:\KEIL_LIANG\KEIL_C51\C51\LIB\C51S.LIB (?C?CLDPTR)
  D:\KEIL_LIANG\KEIL_C51\C51\LIB\C51S.LIB (?C?CLDOPTR)
  D:\KEIL_LIANG\KEIL_C51\C51\LIB\C51S.LIB (?C?CSTPTR)
  D:\KEIL_LIANG\KEIL_C51\C51\LIB\C51S.LIB (?C?CSTOPTR)
  D:\KEIL_LIANG\KEIL_C51\C51\LIB\C51S.LIB (?C?UIDIV)
  D:\KEIL_LIANG\KEIL_C51\C51\LIB\C51S.LIB (?C?IILDX)
  D:\KEIL_LIANG\KEIL_C51\C51\LIB\C51S.LIB (?C?ILDPTR)
  D:\KEIL_LIANG\KEIL_C51\C51\LIB\C51S.LIB (?C?ULDIV)
  D:\KEIL_LIANG\KEIL_C51\C51\LIB\C51S.LIB (?C?ULSHR)
  D:\KEIL_LIANG\KEIL_C51\C51\LIB\C51S.LIB (?C?LSHL)
  D:\KEIL_LIANG\KEIL_C51\C51\LIB\C51S.LIB (?C?LSTXDATA)
  D:\KEIL_LIANG\KEIL_C51\C51\LIB\C51S.LIB (?C?LSTKXDATA)
BL51 BANKED LINKER/LOCATER V6.22.2.0                                                  05/21/2026  17:28:24  PAGE 2


  D:\KEIL_LIANG\KEIL_C51\C51\LIB\C51S.LIB (?C?OFFXADD)
  D:\KEIL_LIANG\KEIL_C51\C51\LIB\C51S.LIB (?C?ICALL)
  D:\KEIL_LIANG\KEIL_C51\C51\LIB\C51S.LIB (PRINTF)
  D:\KEIL_LIANG\KEIL_C51\C51\LIB\C51S.LIB (?C?MEMSET)
  D:\KEIL_LIANG\KEIL_C51\C51\LIB\C51S.LIB (?C?PLDIIDATA)
  D:\KEIL_LIANG\KEIL_C51\C51\LIB\C51S.LIB (?C?CCASE)
  D:\KEIL_LIANG\KEIL_C51\C51\LIB\C51S.LIB (PUTCHAR)


LINK MAP OF MODULE:  .\Objects\SmartDoorLock (?C_STARTUP)


            TYPE    BASE      LENGTH    RELOCATION   SEGMENT NAME
            -----------------------------------------------------

            * * * * * * *   D A T A   M E M O R Y   * * * * * * *
            REG     0000H     0008H     ABSOLUTE     "REG BANK 0"
            DATA    0008H     0006H     UNIT         ?DT?_SYSTEM_TASKCREAT?OS_SYSTEM
            DATA    000EH     0005H     UNIT         ?DT?_MT_IICWRITEBYTE?MT_IIC_AT24C128
            DATA    0013H     0005H     UNIT         ?DT?_MT_IICREADBYTE?MT_IIC_AT24C128
            DATA    0018H     0002H     UNIT         ?DT?APP_TASK
            DATA    001AH     0001H     UNIT         ?DT?HAL_TIMER4
            IDATA   001BH     0003H     UNIT         _IDATA_GROUP_
                    001EH     0002H                  *** GAP ***
            BIT     0020H.0   0001H.1   UNIT         _BIT_GROUP_
                    0021H.1   0000H.7                *** GAP ***
            DATA    0022H     0038H     UNIT         _DATA_GROUP_
            IDATA   005AH     0001H     UNIT         ?STACK

            * * * * * * *  X D A T A   M E M O R Y  * * * * * * *
            XDATA   0000H     04DDH     UNIT         ?XD?PARA
            XDATA   04DDH     00A4H     UNIT         ?XD?HAL_TOUCHKEY
            XDATA   0581H     006BH     UNIT         ?XD?APP_TASK
            XDATA   05ECH     0024H     UNIT         _XDATA_GROUP_
            XDATA   0610H     001EH     UNIT         ?XD?HAL_RS485
            XDATA   062EH     0017H     UNIT         ?XD?HAL_PWMB_RFID
            XDATA   0645H     0015H     UNIT         ?XD?MT_TK_LED
            XDATA   065AH     0010H     UNIT         ?XD?OS_SYSTEM
            XDATA   066AH     000FH     UNIT         ?XD?HAL_WIEGAND
            XDATA   0679H     000AH     UNIT         ?XD?HAL_WIEGAND_RECEIVE
            XDATA   0683H     000AH     UNIT         ?XD?MT_MODBUS
            XDATA   068DH     0009H     UNIT         ?XD?HAL_PWMA_HORN
            XDATA   0696H     0008H     UNIT         ?XD?MT_DS1302
            XDATA   069EH     0008H     UNIT         ?XD?MT_PWMB_RFID
            XDATA   06A6H     0003H     UNIT         ?XD?HAL_LOCK
            XDATA   06A9H     0001H     UNIT         ?XD?SYSTEM_TASKINIT?OS_SYSTEM
            XDATA   06AAH     0001H     UNIT         ?XD?SYSTEM_CLOCKINTERRUPT?OS_SYSTEM
            XDATA   06ABH     0001H     UNIT         ?XD?SYSTEM_TASKDSTART?OS_SYSTEM

            * * * * * * *   C O D E   M E M O R Y   * * * * * * *
            CODE    0000H     0003H     ABSOLUTE     
            CODE    0003H     0040H     UNIT         ?PR?_HAL_PWMB_GETRFIDDATA?HAL_PWMB_RFID
            CODE    0043H     0003H     ABSOLUTE     
            CODE    0046H     0053H     UNIT         ?PR?_MT_TFTLCD_DOORPIC?MT_TFTLCD
            CODE    0099H     0002H     UNIT         ?CO?MAIN
            CODE    009BH     0003H     ABSOLUTE     
            CODE    009EH     0004H     UNIT         ?PR?SYSTICK_HALDER?HAL_TIMER4
BL51 BANKED LINKER/LOCATER V6.22.2.0                                                  05/21/2026  17:28:24  PAGE 3


                    00A2H     0001H                  *** GAP ***
            CODE    00A3H     0003H     ABSOLUTE     
            CODE    00A6H     002DH     UNIT         ?PR?HAL_TASK_INIT?HAL_TASK
            CODE    00D3H     0003H     ABSOLUTE     
            CODE    00D6H     0004H     UNIT         ?CO?MT_MODBUS
                    00DAH     0001H                  *** GAP ***
            CODE    00DBH     0003H     ABSOLUTE     
            CODE    00DEH     0039H     UNIT         ?PR?_MT_IICWRITEBYTE?MT_IIC_AT24C128
                    0117H     0004H                  *** GAP ***
            CODE    011BH     0003H     ABSOLUTE     
            CODE    011EH     0015H     UNIT         ?PR?HAL_LOCK_TRIGGEROPEN?HAL_LOCK
            CODE    0133H     0003H     ABSOLUTE     
            CODE    0136H     3B32H     UNIT         ?CO?MT_TFTLCD
            CODE    3C68H     07D0H     UNIT         ?PR?APP_MENU_ADDNERUSER?APP_TASK
            CODE    4438H     064BH     UNIT         ?PR?APP_MENU_MANAGEUSERINFO?APP_TASK
            CODE    4A83H     060FH     UNIT         ?PR?APP_MENU_SYSTEMSET?APP_TASK
            CODE    5092H     0405H     UNIT         ?PR?APP_MENU_PASSWORD?APP_TASK
            CODE    5497H     03FEH     UNIT         ?PR?APP_MENU_DATETIMESETING?APP_TASK
            CODE    5895H     03F3H     UNIT         ?CO?APP_TASK
            CODE    5C88H     03EBH     UNIT         ?PR?APP_MENU_DESKTOP?APP_TASK
            CODE    6073H     03C9H     UNIT         ?PR?APP_MENU_HISTORY?APP_TASK
            CODE    643CH     03ABH     UNIT         ?C?LIB_CODE
            CODE    67E7H     037CH     UNIT         ?PR?_APP_MENU_DATETIME_DISPLAY?APP_TASK
            CODE    6B63H     035CH     UNIT         ?PR?PRINTF?PRINTF
            CODE    6EBFH     0320H     UNIT         ?PR?APP_MENU_KEYOPENLOCK?APP_TASK
            CODE    71DFH     02E9H     UNIT         ?PR?_APP_MENU_DISPLAYRFIDNUM?APP_TASK
            CODE    74C8H     0255H     UNIT         ?PR?APP_MENU_MAINMENU?APP_TASK
            CODE    771DH     022FH     UNIT         ?PR?_MT_TFTLCD_SHOWCHAR?MT_TFTLCD
            CODE    794CH     0200H     UNIT         ?CO?HAL_RS485
            CODE    7B4CH     01F7H     UNIT         ?PR?HAL_TOUCHKEY_PRO?HAL_TOUCHKEY
            CODE    7D43H     01C6H     UNIT         ?PR?_MT_IICWRITEPAGE?MT_IIC_AT24C128
            CODE    7F09H     017BH     UNIT         ?PR?HAL_TFTLCD_INIT?HAL_TFTLCD_SPI
            CODE    8084H     0163H     UNIT         ?PR?PARATOHISTORY?PARA
            CODE    81E7H     0155H     UNIT         ?PR?_PARACOMPARERFIDID?PARA
            CODE    833CH     014FH     UNIT         ?PR?_MT_TFTLCD_DRAWLINE?MT_TFTLCD
            CODE    848BH     014BH     UNIT         ?PR?_HAL_PWMB_RFID_PROCESS?HAL_PWMB_RFID
            CODE    85D6H     014AH     UNIT         ?PR?_PARACHECKRFIDDATA?PARA
            CODE    8720H     010DH     UNIT         ?PR?PARASAVEHISTORYVAIR?PARA
            CODE    882DH     00FEH     UNIT         ?PR?HAL_PWMB_INTERRUPT?HAL_PWMB_RFID
            CODE    892BH     00EDH     UNIT         ?PR?_PARAGETSUMNUMBER?PARA
            CODE    8A18H     00EBH     UNIT         ?PR?MT_TKLED_PRO?MT_TK_LED
            CODE    8B03H     00DEH     UNIT         ?PR?MT_DS1302_INIT?MT_DS1302
            CODE    8BE1H     00C6H     UNIT         ?PR?_MT_TFTLCD_SHOWPICTURE?MT_TFTLCD
            CODE    8CA7H     00C4H     UNIT         ?PR?HAL_TIMER3_INTERRUPT?HAL_WIEGAND
            CODE    8D6BH     00BAH     UNIT         ?PR?HAL_WIEGAND_RECEIVE_INTERRUPT?HAL_WIEGAND_RECEIVE
            CODE    8E25H     00B8H     UNIT         ?PR?_PARACHECKPASSWORDDATA?PARA
            CODE    8EDDH     00B6H     UNIT         ?PR?HAL_PWMA_INTERRUPT?HAL_PWMA_HORN
            CODE    8F93H     00AEH     UNIT         ?PR?SYSTEM_CLOCKINTERRUPT?OS_SYSTEM
            CODE    9041H     00A9H     UNIT         ?PR?HAL_RS485_PROCESS?HAL_RS485
            CODE    90EAH     00A5H     UNIT         ?PR?HAL_TOUCHKEY_INIT?HAL_TOUCHKEY
            CODE    918FH     00A5H     UNIT         ?PR?_HAL_PWMB_SIGNAL_ANALYSIS?HAL_PWMB_RFID
            CODE    9234H     009EH     UNIT         ?PR?PARTINIT?PARA
            CODE    92D2H     0094H     UNIT         ?PR?_HAL_WG_DATAREADY?HAL_WIEGAND
            CODE    9366H     0093H     UNIT         ?PR?HAL_TOUCHKEY_INTERRUPT?HAL_TOUCHKEY
            CODE    93F9H     0091H     UNIT         ?PR?_PARASAVEADMINVAIR?PARA
            CODE    948AH     008DH     UNIT         ?PR?_HAL_MODBUS_UPDATEDAT?HAL_RS485
            CODE    9517H     008CH     UNIT         ?C_C51STARTUP
BL51 BANKED LINKER/LOCATER V6.22.2.0                                                  05/21/2026  17:28:24  PAGE 4


            CODE    95A3H     008CH     UNIT         ?PR?_PARAUSERINFO?PARA
            CODE    962FH     008BH     UNIT         ?PR?APP_TASK?APP_TASK
            CODE    96BAH     0088H     UNIT         ?PR?_MT_IICREADDATA?MT_IIC_AT24C128
            CODE    9742H     0082H     UNIT         ?PR?UART2_ISR?HAL_RS485
            CODE    97C4H     0082H     UNIT         ?PR?_MT_GETKEYSTATE?MT_TK_LED
            CODE    9846H     007BH     UNIT         ?PR?HAL_WIEGAND_RECEIVE_PROCESS?HAL_WIEGAND_RECEIVE
            CODE    98C1H     007BH     UNIT         ?PR?APP_MENU_DATETIME_DETECTPUTINDATA?APP_TASK
            CODE    993CH     0072H     UNIT         ?PR?_PARASAVENORMALVAIR?PARA
            CODE    99AEH     0072H     UNIT         ?PR?_SYSTEM_TASKCREAT?OS_SYSTEM
            CODE    9A20H     0070H     UNIT         ?PR?PARACHECK?PARA
            CODE    9A90H     0065H     UNIT         ?C_INITSEG
            CODE    9AF5H     0065H     UNIT         ?PR?_HAL_WIEGAND_RECEIVE_SHOWHEX?HAL_WIEGAND_RECEIVE
            CODE    9B5AH     0064H     UNIT         ?PR?SYSTEM_TASKINIT?OS_SYSTEM
            CODE    9BBEH     0062H     UNIT         ?PR?HAL_PWMA_CONFIG?HAL_PWMA_HORN
            CODE    9C20H     0062H     UNIT         ?PR?_HAL_PWMA_MAIN?HAL_PWMA_HORN
            CODE    9C82H     005FH     UNIT         ?PR?_MT_TFTLCD_BCOLORFILL?MT_TFTLCD
            CODE    9CE1H     005CH     UNIT         ?PR?HAL_WG_PROCESS?HAL_WIEGAND
            CODE    9D3DH     005CH     UNIT         ?PR?MT_DS1302_SET_TIME?MT_DS1302
            CODE    9D99H     0058H     UNIT         ?PR?HAL_RS485_INIT?HAL_RS485
            CODE    9DF1H     0058H     UNIT         ?PR?SYSTEM_TASKDSTART?OS_SYSTEM
            CODE    9E49H     0057H     UNIT         ?PR?HAL_TOUCHKEY_SET_ZERO?HAL_TOUCHKEY
            CODE    9EA0H     0051H     UNIT         ?PR?_MT_PWMB_GETRFIDDATA?MT_PWMB_RFID
            CODE    9EF1H     004FH     UNIT         ?PR?MT_MODBUS_PRO?MT_MODBUS
            CODE    9F40H     004BH     UNIT         ?PR?_HAL_BACKLIGHT_CONTROL?HAL_BACKLIGHT
            CODE    9F8BH     004BH     UNIT         ?PR?_MT_TFTLCD_ADDRESS_SET?MT_TFTLCD
            CODE    9FD6H     004AH     UNIT         ?PR?_VERIFY_CRC16?HAL_RS485
            CODE    A020H     004AH     UNIT         ?PR?MT_DS1302_READ_TIME?MT_DS1302
            CODE    A06AH     004AH     UNIT         ?PR?PARASAVEALLVAIR?PARA
            CODE    A0B4H     0048H     UNIT         ?PR?_APP_HISTORY_WRITE?APP_TASK
            CODE    A0FCH     0047H     UNIT         ?PR?_MT_TFTLCD_SHOWSTRING?MT_TFTLCD
            CODE    A143H     0047H     UNIT         ?PR?_MT_MODBUS_UPDATEDAT?MT_MODBUS
            CODE    A18AH     0046H     UNIT         ?PR?APP_TASK_INIT?APP_TASK
            CODE    A1D0H     0044H     UNIT         ?PR?_MT_IICREADBYTE?MT_IIC_AT24C128
            CODE    A214H     0041H     UNIT         ?PR?HAL_WG_RECEIVE_SHOW?HAL_WIEGAND_RECEIVE
            CODE    A255H     0040H     UNIT         ?PR?MT_PWMB_RFID_PROCESS?MT_PWMB_RFID
            CODE    A295H     003FH     UNIT         ?PR?_PARAGETHISTORYVARI?PARA
            CODE    A2D4H     0036H     UNIT         ?PR?HAL_WIEGAND_INIT?HAL_WIEGAND
            CODE    A30AH     0033H     UNIT         ?PR?_HAL_DS1302_W_BYTE?HAL_DS1302
            CODE    A33DH     0032H     UNIT         ?PR?MT_TKLED_INIT?MT_TK_LED
            CODE    A36FH     002EH     UNIT         ?PR?HAL_PWMB_CONFIG?HAL_PWMB_RFID
            CODE    A39DH     0028H     UNIT         ?PR?MAIN?MAIN
            CODE    A3C5H     0027H     UNIT         ?PR?HAL_GPIO_INIT?HAL_GPIO
            CODE    A3ECH     0027H     UNIT         ?PR?HAL_WIEGAND_RECEIVE_INIT?HAL_WIEGAND_RECEIVE
            CODE    A413H     0027H     UNIT         ?PR?PUTCHAR?PUTCHAR
            CODE    A43AH     0026H     UNIT         ?PR?HAL_PWMA_INIT?HAL_PWMA_HORN
            CODE    A460H     0026H     UNIT         ?PR?_HAL_WG_SENDDATA?HAL_WIEGAND
            CODE    A486H     0026H     UNIT         ?PR?MT_TASK_INIT?MT_TASK
            CODE    A4ACH     0025H     UNIT         ?PR?HAL_LOCK_PRO?HAL_LOCK
            CODE    A4D1H     0023H     UNIT         ?PR?HAL_PWMB_RFID_PRO?HAL_PWMB_RFID
            CODE    A4F4H     0021H     UNIT         ?PR?HAL_LOCKKEY_PRO?HAL_LOCK
            CODE    A515H     0020H     UNIT         ?CO?HAL_TOUCHKEY
            CODE    A535H     0020H     UNIT         ?PR?HAL_PWMB_RFID_INIT?HAL_PWMB_RFID
            CODE    A555H     0020H     UNIT         ?PR?_MT_TFTLCD_POINTCOLOR?MT_TFTLCD
            CODE    A575H     001FH     UNIT         ?PR?HAL_DS1302_R_BYTE?HAL_DS1302
            CODE    A594H     001EH     UNIT         ?PR?HAL_WIEGAND_RECEIVE_CONFIG?HAL_WIEGAND_RECEIVE
            CODE    A5B2H     001BH     UNIT         ?PR?HAL_UART1_INIT?HAL_UART
            CODE    A5CDH     001BH     UNIT         ?PR?_MT_DS1302_BCDTOSTRING?MT_DS1302
BL51 BANKED LINKER/LOCATER V6.22.2.0                                                  05/21/2026  17:28:24  PAGE 5


            CODE    A5E8H     0018H     UNIT         ?PR?HAL_PWMB_RFID_DATRESETSTATE?HAL_PWMB_RFID
            CODE    A600H     0018H     UNIT         ?PR?HAL_RS485_CONFIG?HAL_RS485
            CODE    A618H     0018H     UNIT         ?PR?HAL_IICINIT?HAL_IIC
            CODE    A630H     0013H     UNIT         ?PR?_HAL_TOUCHKEY_GETSTATE?HAL_TOUCHKEY
            CODE    A643H     0013H     UNIT         ?PR?HAL_TFTLCD_SPIINIT?HAL_TFTLCD_SPI
            CODE    A656H     0013H     UNIT         ?PR?_HAL_UART1_SENDSTRING?HAL_UART
            CODE    A669H     0012H     UNIT         ?PR?HAL_TASK?HAL_TASK
            CODE    A67BH     0012H     UNIT         ?PR?HAL_TIMER4_INIT?HAL_TIMER4
            CODE    A68DH     0012H     UNIT         ?PR?HAL_TIMER0_INIT?HAL_PWMB_RFID
            CODE    A69FH     0012H     UNIT         ?PR?HAL_LOCK_INIT?HAL_LOCK
            CODE    A6B1H     0011H     UNIT         ?PR?HAL_BACKLIGHT_ALL_OFF?HAL_BACKLIGHT
            CODE    A6C2H     0011H     UNIT         ?PR?HAL_BACKLIGHT_ALL_ON?HAL_BACKLIGHT
            CODE    A6D3H     0011H     UNIT         ?PR?_APP_TASK_MENUTOGGLE?APP_TASK
            CODE    A6E4H     0010H     UNIT         ?PR?HAL_LOCK_GETPUTKEYSTA?HAL_LOCK
            CODE    A6F4H     000FH     UNIT         ?PR?_HAL_TFTLCD_WRDATA8?HAL_TFTLCD_SPI
            CODE    A703H     000FH     UNIT         ?PR?_HAL_DS1302_W_DATA?HAL_DS1302
            CODE    A712H     000FH     UNIT         ?PR?HAL_RXBUFFER_CLEAR?HAL_RS485
            CODE    A721H     000FH     UNIT         ?PR?HAL_TXBUFFER_CLEAR?HAL_RS485
            CODE    A730H     000FH     UNIT         ?PR?HAL_TIMER3_CONFIG?HAL_WIEGAND
            CODE    A73FH     000FH     UNIT         ?PR?HAL_IICRECDATA?HAL_IIC
            CODE    A74EH     000FH     UNIT         ?PR?HAL_IICSENDNACK?HAL_IIC
            CODE    A75DH     000EH     UNIT         ?PR?_HAL_TFTLCD_WRDATA16?HAL_TFTLCD_SPI
            CODE    A76BH     000EH     UNIT         ?PR?_HAL_IICSENDDATA?HAL_IIC
            CODE    A779H     000EH     UNIT         ?PR?HAL_IICSENDACK?HAL_IIC
            CODE    A787H     000EH     UNIT         ?PR?MT_PWMB_RFID_INIT?MT_PWMB_RFID
            CODE    A795H     000DH     UNIT         ?PR?_MT_KEY_SETBACKLIGHTTIME?MT_TK_LED
            CODE    A7A2H     000CH     UNIT         ?PR?HAL_IICWAIT?HAL_IIC
            CODE    A7AEH     000BH     UNIT         ?PR?_HAL_TFTLCD_BL_CONTROL?HAL_TFTLCD_SPI
            CODE    A7B9H     000BH     UNIT         ?PR?_HAL_DS1302_R_DATA?HAL_DS1302
            CODE    A7C4H     000BH     UNIT         ?PR?MT_MODBUS_INIT?MT_MODBUS
            CODE    A7CFH     0009H     UNIT         ?PR?HAL_IICSTART?HAL_IIC
            CODE    A7D8H     0009H     UNIT         ?PR?HAL_IICRECACK?HAL_IIC
            CODE    A7E1H     0009H     UNIT         ?PR?HAL_IICSTOP?HAL_IIC
            CODE    A7EAH     0009H     UNIT         ?PR?MT_TASK?MT_TASK
            CODE    A7F3H     0009H     UNIT         ?PR?MT_GETKEYSTATE?MT_TK_LED
            CODE    A7FCH     0009H     UNIT         ?PR?MT_KEY_GETBACKLIGHTTIM?MT_TK_LED
            CODE    A805H     0008H     UNIT         ?PR?_FPUTC?MAIN
            CODE    A80DH     0008H     UNIT         ?PR?_HAL_TFTLCD_WRREG?HAL_TFTLCD_SPI
            CODE    A815H     0008H     UNIT         ?PR?_HAL_UART1_SENDBYTE?HAL_UART
            CODE    A81DH     0007H     UNIT         ?PR?HAL_RS485_TXBUFFER_SEND?HAL_RS485
            CODE    A824H     0006H     UNIT         ?CO?HAL_WIEGAND_RECEIVE



OVERLAY MAP OF MODULE:   .\Objects\SmartDoorLock (?C_STARTUP)


SEGMENT                                             BIT_GROUP          DATA_GROUP          IDATA_GROUP         XDATA_GRO
>> UP
  +--> CALLED SEGMENT                            START    LENGTH     START    LENGTH     START    LENGTH     START    LE
>> NGTH
------------------------------------------------------------------------------------------------------------------------
>> ----
?C_C51STARTUP                                    -----    -----      -----    -----      -----    -----      -----    --
>> ---
  +--> ?PR?MAIN?MAIN
  +--> ?C_INITSEG
BL51 BANKED LINKER/LOCATER V6.22.2.0                                                  05/21/2026  17:28:24  PAGE 6



?PR?MAIN?MAIN                                    -----    -----      -----    -----      -----    -----      -----    --
>> ---
  +--> ?PR?HAL_TASK_INIT?HAL_TASK
  +--> ?PR?MT_TASK_INIT?MT_TASK
  +--> ?PR?APP_TASK_INIT?APP_TASK
  +--> ?CO?MAIN
  +--> ?PR?PRINTF?PRINTF
  +--> ?PR?HAL_PWMB_RFID_PRO?HAL_PWMB_RFID
  +--> ?PR?HAL_TASK?HAL_TASK
  +--> ?PR?MT_TASK?MT_TASK
  +--> ?PR?APP_TASK?APP_TASK

?PR?HAL_TASK_INIT?HAL_TASK                       -----    -----      -----    -----      -----    -----      -----    --
>> ---
  +--> ?PR?HAL_GPIO_INIT?HAL_GPIO
  +--> ?PR?HAL_TIMER4_INIT?HAL_TIMER4
  +--> ?PR?HAL_BACKLIGHT_ALL_OFF?HAL_BACKLIGHT
  +--> ?PR?HAL_TOUCHKEY_INIT?HAL_TOUCHKEY
  +--> ?PR?HAL_TFTLCD_SPIINIT?HAL_TFTLCD_SPI
  +--> ?PR?HAL_TFTLCD_INIT?HAL_TFTLCD_SPI
  +--> ?PR?HAL_PWMA_INIT?HAL_PWMA_HORN
  +--> ?PR?HAL_PWMB_RFID_INIT?HAL_PWMB_RFID
  +--> ?PR?HAL_UART1_INIT?HAL_UART
  +--> ?PR?HAL_RS485_INIT?HAL_RS485
  +--> ?PR?HAL_WIEGAND_INIT?HAL_WIEGAND
  +--> ?PR?HAL_WIEGAND_RECEIVE_INIT?HAL_WIEG...
  +--> ?PR?HAL_LOCK_INIT?HAL_LOCK
  +--> ?PR?HAL_IICINIT?HAL_IIC

?PR?HAL_TOUCHKEY_INIT?HAL_TOUCHKEY               -----    -----      -----    -----      -----    -----      05ECH    00
>> 01H
  +--> ?CO?HAL_TOUCHKEY

?PR?HAL_TFTLCD_INIT?HAL_TFTLCD_SPI               -----    -----      -----    -----      -----    -----      -----    --
>> ---
  +--> ?PR?_HAL_TFTLCD_BL_CONTROL?HAL_TFTLCD...
  +--> ?PR?_HAL_TFTLCD_WRREG?HAL_TFTLCD_SPI
  +--> ?PR?_HAL_TFTLCD_WRDATA8?HAL_TFTLCD_SPI

?PR?_HAL_TFTLCD_WRREG?HAL_TFTLCD_SPI             -----    -----      -----    -----      -----    -----      -----    --
>> ---
  +--> ?PR?_HAL_TFTLCD_WRDATA8?HAL_TFTLCD_SPI

?PR?HAL_PWMA_INIT?HAL_PWMA_HORN                  -----    -----      -----    -----      -----    -----      -----    --
>> ---
  +--> ?PR?HAL_PWMA_CONFIG?HAL_PWMA_HORN

?PR?HAL_PWMB_RFID_INIT?HAL_PWMB_RFID             -----    -----      -----    -----      -----    -----      -----    --
>> ---
  +--> ?PR?HAL_TIMER0_INIT?HAL_PWMB_RFID
  +--> ?PR?HAL_PWMB_CONFIG?HAL_PWMB_RFID
  +--> ?PR?HAL_PWMB_RFID_DATRESETSTATE?HAL_P...

?PR?HAL_RS485_INIT?HAL_RS485                     -----    -----      -----    -----      -----    -----      05ECH    00
>> 03H
  +--> ?PR?HAL_RS485_CONFIG?HAL_RS485
BL51 BANKED LINKER/LOCATER V6.22.2.0                                                  05/21/2026  17:28:24  PAGE 7


  +--> ?PR?HAL_RXBUFFER_CLEAR?HAL_RS485
  +--> ?PR?HAL_TXBUFFER_CLEAR?HAL_RS485

?PR?HAL_WIEGAND_INIT?HAL_WIEGAND                 -----    -----      -----    -----      -----    -----      -----    --
>> ---
  +--> ?PR?HAL_TIMER3_CONFIG?HAL_WIEGAND

?PR?HAL_WIEGAND_RECEIVE_INIT?HAL_WIEG...         -----    -----      -----    -----      -----    -----      -----    --
>> ---
  +--> ?PR?HAL_WIEGAND_RECEIVE_CONFIG?HAL_WI...

?PR?MT_TASK_INIT?MT_TASK                         -----    -----      -----    -----      -----    -----      -----    --
>> ---
  +--> ?PR?MT_TKLED_INIT?MT_TK_LED
  +--> ?PR?_MT_TFTLCD_BCOLORFILL?MT_TFTLCD
  +--> ?PR?_HAL_TFTLCD_BL_CONTROL?HAL_TFTLCD...
  +--> ?PR?MT_DS1302_INIT?MT_DS1302
  +--> ?PR?MT_PWMB_RFID_INIT?MT_PWMB_RFID
  +--> ?PR?MT_MODBUS_INIT?MT_MODBUS

?PR?_MT_TFTLCD_BCOLORFILL?MT_TFTLCD              -----    -----      0026H    000AH      -----    -----      05FDH    00
>> 02H
  +--> ?PR?_MT_TFTLCD_ADDRESS_SET?MT_TFTLCD
  +--> ?PR?_HAL_TFTLCD_WRDATA16?HAL_TFTLCD_SPI

?PR?_MT_TFTLCD_ADDRESS_SET?MT_TFTLCD             -----    -----      004FH    0008H      -----    -----      -----    --
>> ---
  +--> ?PR?_HAL_TFTLCD_WRREG?HAL_TFTLCD_SPI
  +--> ?PR?_HAL_TFTLCD_WRDATA16?HAL_TFTLCD_SPI

?PR?_HAL_TFTLCD_WRDATA16?HAL_TFTLCD_SPI          -----    -----      -----    -----      -----    -----      -----    --
>> ---
  +--> ?PR?_HAL_TFTLCD_WRDATA8?HAL_TFTLCD_SPI

?PR?MT_DS1302_INIT?MT_DS1302                     -----    -----      0022H    0001H      -----    -----      -----    --
>> ---
  +--> ?PR?MT_DS1302_READ_TIME?MT_DS1302
  +--> ?PR?MT_DS1302_SET_TIME?MT_DS1302

?PR?MT_DS1302_READ_TIME?MT_DS1302                -----    -----      -----    -----      -----    -----      -----    --
>> ---
  +--> ?PR?_HAL_DS1302_R_DATA?HAL_DS1302

?PR?_HAL_DS1302_R_DATA?HAL_DS1302                -----    -----      -----    -----      -----    -----      -----    --
>> ---
  +--> ?PR?_HAL_DS1302_W_BYTE?HAL_DS1302
  +--> ?PR?HAL_DS1302_R_BYTE?HAL_DS1302

?PR?_HAL_DS1302_W_BYTE?HAL_DS1302                -----    -----      -----    -----      -----    -----      05F1H    00
>> 01H

?PR?MT_DS1302_SET_TIME?MT_DS1302                 -----    -----      -----    -----      -----    -----      -----    --
>> ---
  +--> ?PR?_HAL_DS1302_W_DATA?HAL_DS1302

?PR?_HAL_DS1302_W_DATA?HAL_DS1302                -----    -----      -----    -----      -----    -----      -----    --
>> ---
BL51 BANKED LINKER/LOCATER V6.22.2.0                                                  05/21/2026  17:28:24  PAGE 8


  +--> ?PR?_HAL_DS1302_W_BYTE?HAL_DS1302

?PR?APP_TASK_INIT?APP_TASK                       -----    -----      -----    -----      -----    -----      -----    --
>> ---
  +--> ?PR?PARTINIT?PARA
  +--> ?CO?APP_TASK
  +--> ?PR?_MT_TFTLCD_SHOWSTRING?MT_TFTLCD

?PR?PARTINIT?PARA                                -----    -----      -----    -----      -----    -----      -----    --
>> ---
  +--> ?PR?_MT_IICREADDATA?MT_IIC_AT24C128
  +--> ?PR?PARACHECK?PARA
  +--> ?PR?PARATOHISTORY?PARA

?PR?_MT_IICREADDATA?MT_IIC_AT24C128              -----    -----      0022H    0006H      -----    -----      05ECH    00
>> 02H
  +--> ?PR?HAL_IICSTART?HAL_IIC
  +--> ?PR?_HAL_IICSENDDATA?HAL_IIC
  +--> ?PR?HAL_IICRECACK?HAL_IIC
  +--> ?PR?HAL_IICRECDATA?HAL_IIC
  +--> ?PR?HAL_IICSENDACK?HAL_IIC
  +--> ?PR?HAL_IICSENDNACK?HAL_IIC
  +--> ?PR?HAL_IICSTOP?HAL_IIC

?PR?HAL_IICSTART?HAL_IIC                         -----    -----      -----    -----      -----    -----      -----    --
>> ---
  +--> ?PR?HAL_IICWAIT?HAL_IIC

?PR?_HAL_IICSENDDATA?HAL_IIC                     -----    -----      -----    -----      -----    -----      -----    --
>> ---
  +--> ?PR?HAL_IICWAIT?HAL_IIC

?PR?HAL_IICRECACK?HAL_IIC                        -----    -----      -----    -----      -----    -----      -----    --
>> ---
  +--> ?PR?HAL_IICWAIT?HAL_IIC

?PR?HAL_IICRECDATA?HAL_IIC                       -----    -----      -----    -----      -----    -----      -----    --
>> ---
  +--> ?PR?HAL_IICWAIT?HAL_IIC

?PR?HAL_IICSENDACK?HAL_IIC                       -----    -----      -----    -----      -----    -----      -----    --
>> ---
  +--> ?PR?HAL_IICWAIT?HAL_IIC

?PR?HAL_IICSENDNACK?HAL_IIC                      -----    -----      -----    -----      -----    -----      -----    --
>> ---
  +--> ?PR?HAL_IICWAIT?HAL_IIC

?PR?HAL_IICSTOP?HAL_IIC                          -----    -----      -----    -----      -----    -----      -----    --
>> ---
  +--> ?PR?HAL_IICWAIT?HAL_IIC

?PR?PARACHECK?PARA                               -----    -----      -----    -----      -----    -----      05ECH    00
>> 01H

?PR?PARATOHISTORY?PARA                           -----    -----      -----    -----      -----    -----      05ECH    00
>> 02H
BL51 BANKED LINKER/LOCATER V6.22.2.0                                                  05/21/2026  17:28:24  PAGE 9


  +--> ?PR?_MT_IICWRITEPAGE?MT_IIC_AT24C128

?PR?_MT_IICWRITEPAGE?MT_IIC_AT24C128             -----    -----      0037H    0004H      -----    -----      05FEH    00
>> 0AH
  +--> ?PR?HAL_IICSTART?HAL_IIC
  +--> ?PR?_HAL_IICSENDDATA?HAL_IIC
  +--> ?PR?HAL_IICRECACK?HAL_IIC
  +--> ?PR?HAL_IICSTOP?HAL_IIC

?PR?_MT_TFTLCD_SHOWSTRING?MT_TFTLCD              -----    -----      0030H    000BH      -----    -----      -----    --
>> ---
  +--> ?PR?_MT_TFTLCD_SHOWCHAR?MT_TFTLCD

?PR?_MT_TFTLCD_SHOWCHAR?MT_TFTLCD                -----    -----      003BH    000AH      -----    -----      0601H    00
>> 0AH
  +--> ?PR?_MT_TFTLCD_ADDRESS_SET?MT_TFTLCD
  +--> ?CO?MT_TFTLCD
  +--> ?PR?_HAL_TFTLCD_WRDATA16?HAL_TFTLCD_SPI
  +--> ?PR?_MT_TFTLCD_POINTCOLOR?MT_TFTLCD

?PR?_MT_TFTLCD_POINTCOLOR?MT_TFTLCD              -----    -----      004CH    0003H      -----    -----      -----    --
>> ---
  +--> ?PR?_MT_TFTLCD_ADDRESS_SET?MT_TFTLCD
  +--> ?PR?_HAL_TFTLCD_WRDATA16?HAL_TFTLCD_SPI

?PR?PRINTF?PRINTF                                0020H.0  0001H.1    0022H    0014H      -----    -----      -----    --
>> ---
  +--> ?PR?PUTCHAR?PUTCHAR

?PR?HAL_PWMB_RFID_PRO?HAL_PWMB_RFID              -----    -----      -----    -----      -----    -----      -----    --
>> ---
  +--> ?PR?_HAL_PWMB_RFID_PROCESS?HAL_PWMB_RFID

?PR?_HAL_PWMB_RFID_PROCESS?HAL_PWMB_RFID         -----    -----      0022H    0001H      -----    -----      05ECH    00
>> 01H
  +--> ?PR?HAL_PWMB_RFID_DATRESETSTATE?HAL_P...

?PR?HAL_TASK?HAL_TASK                            -----    -----      -----    -----      -----    -----      -----    --
>> ---
  +--> ?PR?HAL_TOUCHKEY_PRO?HAL_TOUCHKEY
  +--> ?PR?HAL_RS485_PROCESS?HAL_RS485
  +--> ?PR?HAL_WG_PROCESS?HAL_WIEGAND
  +--> ?PR?HAL_WIEGAND_RECEIVE_PROCESS?HAL_W...
  +--> ?PR?HAL_LOCK_PRO?HAL_LOCK
  +--> ?PR?HAL_LOCKKEY_PRO?HAL_LOCK

?PR?HAL_TOUCHKEY_PRO?HAL_TOUCHKEY                -----    -----      -----    -----      -----    -----      05ECH    00
>> 01H
  +--> ?PR?HAL_TOUCHKEY_SET_ZERO?HAL_TOUCHKEY

?PR?HAL_TOUCHKEY_SET_ZERO?HAL_TOUCHKEY           -----    -----      -----    -----      -----    -----      05EDH    00
>> 01H

?PR?HAL_RS485_PROCESS?HAL_RS485                  -----    -----      -----    -----      -----    -----      05ECH    00
>> 02H
  +--> ?PR?_VERIFY_CRC16?HAL_RS485
  +--> ?PR?HAL_RS485_TXBUFFER_SEND?HAL_RS485
BL51 BANKED LINKER/LOCATER V6.22.2.0                                                  05/21/2026  17:28:24  PAGE 10



?PR?_VERIFY_CRC16?HAL_RS485                      -----    -----      0027H    0005H      -----    -----      -----    --
>> ---
  +--> ?CO?HAL_RS485

?PR?HAL_WG_PROCESS?HAL_WIEGAND                   -----    -----      -----    -----      -----    -----      -----    --
>> ---
  +--> ?PR?_HAL_WG_SENDDATA?HAL_WIEGAND

?PR?HAL_LOCKKEY_PRO?HAL_LOCK                     -----    -----      -----    -----      -----    -----      -----    --
>> ---
  +--> ?PR?HAL_LOCK_TRIGGEROPEN?HAL_LOCK

?PR?MT_TASK?MT_TASK                              -----    -----      -----    -----      -----    -----      -----    --
>> ---
  +--> ?PR?MT_PWMB_RFID_PROCESS?MT_PWMB_RFID
  +--> ?PR?MT_TKLED_PRO?MT_TK_LED
  +--> ?PR?MT_MODBUS_PRO?MT_MODBUS

?PR?MT_PWMB_RFID_PROCESS?MT_PWMB_RFID            -----    -----      -----    -----      -----    -----      -----    --
>> ---
  +--> ?PR?_HAL_PWMB_GETRFIDDATA?HAL_PWMB_RFID

?PR?_HAL_PWMB_GETRFIDDATA?HAL_PWMB_RFID          -----    -----      -----    -----      -----    -----      05ECH    00
>> 01H
  +--> ?PR?HAL_PWMB_RFID_DATRESETSTATE?HAL_P...

?PR?MT_TKLED_PRO?MT_TK_LED                       -----    -----      -----    -----      -----    -----      05ECH    00
>> 02H
  +--> ?PR?_HAL_TOUCHKEY_GETSTATE?HAL_TOUCHKEY
  +--> ?PR?_MT_GETKEYSTATE?MT_TK_LED
  +--> ?PR?_HAL_BACKLIGHT_CONTROL?HAL_BACKLIGHT
  +--> ?PR?_HAL_PWMA_MAIN?HAL_PWMA_HORN
  +--> ?PR?_HAL_TFTLCD_BL_CONTROL?HAL_TFTLCD...
  +--> ?PR?HAL_BACKLIGHT_ALL_OFF?HAL_BACKLIGHT

?PR?_HAL_BACKLIGHT_CONTROL?HAL_BACKLIGHT         -----    -----      -----    -----      -----    -----      05EEH    00
>> 02H
  +--> ?PR?HAL_BACKLIGHT_ALL_OFF?HAL_BACKLIGHT

?PR?MT_MODBUS_PRO?MT_MODBUS                      -----    -----      0022H    0004H      -----    -----      -----    --
>> ---
  +--> ?CO?MT_MODBUS
  +--> ?PR?_MT_MODBUS_UPDATEDAT?MT_MODBUS

?PR?_MT_MODBUS_UPDATEDAT?MT_MODBUS               -----    -----      -----    -----      -----    -----      -----    --
>> ---
  +--> ?PR?_HAL_MODBUS_UPDATEDAT?HAL_RS485

?PR?_HAL_MODBUS_UPDATEDAT?HAL_RS485              -----    -----      0026H    0001H      -----    -----      -----    --
>> ---
  +--> ?PR?_VERIFY_CRC16?HAL_RS485

?PR?APP_TASK?APP_TASK                            -----    -----      -----    -----      -----    -----      -----    --
>> ---
  +--> ?PR?APP_MENU_DESKTOP?APP_TASK
  +--> ?PR?APP_MENU_KEYOPENLOCK?APP_TASK
BL51 BANKED LINKER/LOCATER V6.22.2.0                                                  05/21/2026  17:28:24  PAGE 11


  +--> ?PR?APP_MENU_PASSWORD?APP_TASK
  +--> ?PR?APP_MENU_MAINMENU?APP_TASK
  +--> ?PR?APP_MENU_DATETIMESETING?APP_TASK
  +--> ?PR?APP_MENU_ADDNERUSER?APP_TASK
  +--> ?PR?APP_MENU_MANAGEUSERINFO?APP_TASK
  +--> ?PR?APP_MENU_SYSTEMSET?APP_TASK
  +--> ?PR?APP_MENU_HISTORY?APP_TASK
  +--> ?PR?MT_KEY_GETBACKLIGHTTIM?MT_TK_LED
  +--> ?PR?_APP_TASK_MENUTOGGLE?APP_TASK
  +--> ?PR?_MT_TFTLCD_BCOLORFILL?MT_TFTLCD

?PR?APP_MENU_DESKTOP?APP_TASK                    -----    -----      0022H    0001H      001BH    0003H      05ECH    00
>> 05H
  +--> ?CO?APP_TASK
  +--> ?PR?_MT_TFTLCD_SHOWSTRING?MT_TFTLCD
  +--> ?PR?_MT_PWMB_GETRFIDDATA?MT_PWMB_RFID
  +--> ?PR?_PARACHECKRFIDDATA?PARA
  +--> ?PR?HAL_LOCK_TRIGGEROPEN?HAL_LOCK
  +--> ?PR?_APP_HISTORY_WRITE?APP_TASK
  +--> ?PR?HAL_WG_RECEIVE_SHOW?HAL_WIEGAND_R...
  +--> ?PR?_MT_KEY_SETBACKLIGHTTIME?MT_TK_LED
  +--> ?PR?_APP_MENU_DISPLAYRFIDNUM?APP_TASK
  +--> ?PR?_HAL_PWMA_MAIN?HAL_PWMA_HORN
  +--> ?PR?_HAL_WG_DATAREADY?HAL_WIEGAND
  +--> ?PR?_MT_MODBUS_UPDATEDAT?MT_MODBUS
  +--> ?PR?_MT_TFTLCD_DOORPIC?MT_TFTLCD
  +--> ?PR?MT_DS1302_READ_TIME?MT_DS1302
  +--> ?PR?_MT_DS1302_BCDTOSTRING?MT_DS1302
  +--> ?PR?MT_GETKEYSTATE?MT_TK_LED
  +--> ?PR?_MT_TFTLCD_BCOLORFILL?MT_TFTLCD
  +--> ?PR?_APP_TASK_MENUTOGGLE?APP_TASK

?PR?_PARACHECKRFIDDATA?PARA                      -----    -----      -----    -----      -----    -----      05FDH    00
>> 01H

?PR?_APP_HISTORY_WRITE?APP_TASK                  -----    -----      0023H    000BH      -----    -----      -----    --
>> ---
  +--> ?PR?MT_DS1302_READ_TIME?MT_DS1302
  +--> ?PR?PARASAVEHISTORYVAIR?PARA

?PR?PARASAVEHISTORYVAIR?PARA                     -----    -----      002EH    0009H      -----    -----      05F1H    00
>> 01H
  +--> ?PR?_MT_IICWRITEPAGE?MT_IIC_AT24C128

?PR?HAL_WG_RECEIVE_SHOW?HAL_WIEGAND_R...         -----    -----      -----    -----      -----    -----      -----    --
>> ---
  +--> ?CO?HAL_WIEGAND_RECEIVE
  +--> ?PR?_MT_TFTLCD_SHOWSTRING?MT_TFTLCD
  +--> ?PR?_HAL_WIEGAND_RECEIVE_SHOWHEX?HAL_...

?PR?_HAL_WIEGAND_RECEIVE_SHOWHEX?HAL_...         -----    -----      -----    -----      -----    -----      05F1H    00
>> 05H
  +--> ?PR?_MT_TFTLCD_SHOWSTRING?MT_TFTLCD

?PR?_MT_KEY_SETBACKLIGHTTIME?MT_TK_LED           -----    -----      -----    -----      -----    -----      -----    --
>> ---
  +--> ?PR?_HAL_TFTLCD_BL_CONTROL?HAL_TFTLCD...
BL51 BANKED LINKER/LOCATER V6.22.2.0                                                  05/21/2026  17:28:24  PAGE 12



?PR?_APP_MENU_DISPLAYRFIDNUM?APP_TASK            -----    -----      0023H    0005H      -----    -----      05FDH    00
>> 04H
  +--> ?PR?_MT_TFTLCD_SHOWSTRING?MT_TFTLCD

?PR?_HAL_WG_DATAREADY?HAL_WIEGAND                -----    -----      -----    -----      -----    -----      05F1H    00
>> 01H

?PR?_MT_TFTLCD_DOORPIC?MT_TFTLCD                 -----    -----      -----    -----      -----    -----      -----    --
>> ---
  +--> ?CO?MT_TFTLCD
  +--> ?PR?_MT_TFTLCD_SHOWPICTURE?MT_TFTLCD

?PR?_MT_TFTLCD_SHOWPICTURE?MT_TFTLCD             -----    -----      0023H    000FH      -----    -----      05F1H    00
>> 06H
  +--> ?PR?_MT_TFTLCD_ADDRESS_SET?MT_TFTLCD
  +--> ?PR?_HAL_TFTLCD_WRDATA16?HAL_TFTLCD_SPI

?PR?APP_MENU_KEYOPENLOCK?APP_TASK                -----    -----      0022H    0001H      -----    -----      05ECH    00
>> 04H
  +--> ?CO?APP_TASK
  +--> ?PR?_MT_TFTLCD_SHOWSTRING?MT_TFTLCD
  +--> ?PR?_MT_TFTLCD_DRAWLINE?MT_TFTLCD
  +--> ?PR?_MT_TFTLCD_BCOLORFILL?MT_TFTLCD
  +--> ?PR?_APP_TASK_MENUTOGGLE?APP_TASK
  +--> ?PR?_MT_PWMB_GETRFIDDATA?MT_PWMB_RFID
  +--> ?PR?_PARACHECKRFIDDATA?PARA
  +--> ?PR?_APP_HISTORY_WRITE?APP_TASK
  +--> ?PR?HAL_LOCK_TRIGGEROPEN?HAL_LOCK
  +--> ?PR?MT_GETKEYSTATE?MT_TK_LED
  +--> ?PR?_PARACHECKPASSWORDDATA?PARA

?PR?_MT_TFTLCD_DRAWLINE?MT_TFTLCD                -----    -----      0030H    001CH      -----    -----      05FDH    00
>> 02H
  +--> ?PR?_MT_TFTLCD_POINTCOLOR?MT_TFTLCD

?PR?_PARACHECKPASSWORDDATA?PARA                  -----    -----      -----    -----      -----    -----      05F0H    00
>> 02H

?PR?APP_MENU_PASSWORD?APP_TASK                   -----    -----      0022H    0004H      -----    -----      05ECH    00
>> 04H
  +--> ?PR?_PARAGETSUMNUMBER?PARA
  +--> ?CO?APP_TASK
  +--> ?PR?_MT_TFTLCD_SHOWSTRING?MT_TFTLCD
  +--> ?PR?_MT_TFTLCD_DRAWLINE?MT_TFTLCD
  +--> ?PR?_APP_TASK_MENUTOGGLE?APP_TASK
  +--> ?PR?_MT_TFTLCD_BCOLORFILL?MT_TFTLCD
  +--> ?PR?_MT_PWMB_GETRFIDDATA?MT_PWMB_RFID
  +--> ?PR?_PARACHECKRFIDDATA?PARA
  +--> ?PR?MT_GETKEYSTATE?MT_TK_LED
  +--> ?PR?_PARACHECKPASSWORDDATA?PARA

?PR?_PARAGETSUMNUMBER?PARA                       -----    -----      -----    -----      -----    -----      05FDH    00
>> 02H

?PR?APP_MENU_MAINMENU?APP_TASK                   -----    -----      0022H    0001H      -----    -----      -----    --
>> ---
BL51 BANKED LINKER/LOCATER V6.22.2.0                                                  05/21/2026  17:28:24  PAGE 13


  +--> ?CO?APP_TASK
  +--> ?PR?_MT_TFTLCD_SHOWSTRING?MT_TFTLCD
  +--> ?PR?MT_GETKEYSTATE?MT_TK_LED
  +--> ?PR?_MT_TFTLCD_BCOLORFILL?MT_TFTLCD
  +--> ?PR?_APP_TASK_MENUTOGGLE?APP_TASK

?PR?APP_MENU_DATETIMESETING?APP_TASK             -----    -----      -----    -----      -----    -----      05ECH    00
>> 01H
  +--> ?CO?APP_TASK
  +--> ?PR?_MT_TFTLCD_SHOWSTRING?MT_TFTLCD
  +--> ?PR?MT_DS1302_READ_TIME?MT_DS1302
  +--> ?PR?_MT_TFTLCD_BCOLORFILL?MT_TFTLCD
  +--> ?PR?_APP_TASK_MENUTOGGLE?APP_TASK
  +--> ?PR?_APP_MENU_DATETIME_DISPLAY?APP_TASK
  +--> ?PR?MT_GETKEYSTATE?MT_TK_LED
  +--> ?PR?APP_MENU_DATETIME_DETECTPUTINDATA...
  +--> ?PR?MT_DS1302_SET_TIME?MT_DS1302

?PR?_APP_MENU_DATETIME_DISPLAY?APP_TASK          -----    -----      0022H    000EH      -----    -----      -----    --
>> ---
  +--> ?PR?_MT_TFTLCD_SHOWSTRING?MT_TFTLCD
  +--> ?PR?_MT_TFTLCD_DRAWLINE?MT_TFTLCD

?PR?APP_MENU_DATETIME_DETECTPUTINDATA...         -----    -----      0022H    000CH      -----    -----      -----    --
>> ---

?PR?APP_MENU_ADDNERUSER?APP_TASK                 -----    -----      0022H    0001H      -----    -----      05ECH    00
>> 11H
  +--> ?CO?APP_TASK
  +--> ?PR?_MT_TFTLCD_SHOWSTRING?MT_TFTLCD
  +--> ?PR?_PARAGETSUMNUMBER?PARA
  +--> ?PR?_MT_TFTLCD_DRAWLINE?MT_TFTLCD
  +--> ?PR?_PARASAVEADMINVAIR?PARA
  +--> ?PR?_MT_TFTLCD_BCOLORFILL?MT_TFTLCD
  +--> ?PR?_APP_TASK_MENUTOGGLE?APP_TASK
  +--> ?PR?_MT_PWMB_GETRFIDDATA?MT_PWMB_RFID
  +--> ?PR?_PARACHECKRFIDDATA?PARA
  +--> ?PR?_PARASAVENORMALVAIR?PARA
  +--> ?PR?_APP_MENU_DISPLAYRFIDNUM?APP_TASK
  +--> ?PR?MT_GETKEYSTATE?MT_TK_LED
  +--> ?PR?_MT_TFTLCD_SHOWCHAR?MT_TFTLCD

?PR?_PARASAVEADMINVAIR?PARA                      -----    -----      0023H    000BH      -----    -----      05FDH    00
>> 01H
  +--> ?PR?_MT_IICWRITEPAGE?MT_IIC_AT24C128

?PR?_PARASAVENORMALVAIR?PARA                     -----    -----      0023H    0007H      -----    -----      05FDH    00
>> 01H
  +--> ?PR?_MT_IICWRITEPAGE?MT_IIC_AT24C128

?PR?APP_MENU_MANAGEUSERINFO?APP_TASK             -----    -----      -----    -----      -----    -----      05ECH    00
>> 04H
  +--> ?CO?APP_TASK
  +--> ?PR?_MT_TFTLCD_SHOWSTRING?MT_TFTLCD
  +--> ?PR?_PARAGETSUMNUMBER?PARA
  +--> ?PR?_PARAUSERINFO?PARA
  +--> ?PR?_MT_PWMB_GETRFIDDATA?MT_PWMB_RFID
BL51 BANKED LINKER/LOCATER V6.22.2.0                                                  05/21/2026  17:28:24  PAGE 14


  +--> ?PR?_PARACHECKRFIDDATA?PARA
  +--> ?PR?_PARACOMPARERFIDID?PARA
  +--> ?PR?_APP_MENU_DISPLAYRFIDNUM?APP_TASK
  +--> ?PR?MT_GETKEYSTATE?MT_TK_LED
  +--> ?PR?_MT_TFTLCD_BCOLORFILL?MT_TFTLCD
  +--> ?PR?PARASAVEALLVAIR?PARA
  +--> ?PR?_APP_TASK_MENUTOGGLE?APP_TASK

?PR?_PARAUSERINFO?PARA                           -----    -----      -----    -----      -----    -----      05F0H    00
>> 02H

?PR?_PARACOMPARERFIDID?PARA                      -----    -----      -----    -----      -----    -----      05F0H    00
>> 02H

?PR?PARASAVEALLVAIR?PARA                         -----    -----      -----    -----      -----    -----      -----    --
>> ---
  +--> ?PR?_MT_IICWRITEPAGE?MT_IIC_AT24C128

?PR?APP_MENU_SYSTEMSET?APP_TASK                  -----    -----      0022H    0001H      -----    -----      -----    --
>> ---
  +--> ?CO?APP_TASK
  +--> ?PR?_MT_TFTLCD_SHOWSTRING?MT_TFTLCD
  +--> ?PR?MT_GETKEYSTATE?MT_TK_LED
  +--> ?PR?_APP_TASK_MENUTOGGLE?APP_TASK
  +--> ?PR?PARATOHISTORY?PARA
  +--> ?PR?PARASAVEALLVAIR?PARA

?PR?APP_MENU_HISTORY?APP_TASK                    -----    -----      0022H    0001H      -----    -----      -----    --
>> ---
  +--> ?CO?APP_TASK
  +--> ?PR?_MT_TFTLCD_SHOWSTRING?MT_TFTLCD
  +--> ?PR?_PARAGETHISTORYVARI?PARA
  +--> ?PR?MT_GETKEYSTATE?MT_TK_LED
  +--> ?PR?_MT_TFTLCD_BCOLORFILL?MT_TFTLCD
  +--> ?PR?_APP_TASK_MENUTOGGLE?APP_TASK

?PR?_PARAGETHISTORYVARI?PARA                     -----    -----      -----    -----      -----    -----      05ECH    00
>> 01H

*** NEW ROOT ***************************************************

?PR?HAL_TOUCHKEY_INTERRUPT?HAL_TOUCHKEY          -----    -----      -----    -----      -----    -----      060BH    00
>> 02H

*** NEW ROOT ***************************************************

?PR?HAL_PWMB_INTERRUPT?HAL_PWMB_RFID             -----    -----      -----    -----      -----    -----      060DH    00
>> 02H
  +--> ?PR?_HAL_PWMB_SIGNAL_ANALYSIS?HAL_PWM...

*** NEW ROOT ***************************************************

?PR?HAL_TIMER3_INTERRUPT?HAL_WIEGAND             -----    -----      0057H    0003H      -----    -----      -----    --
>> ---
  +--> ?PR?_HAL_WG_SENDDATA?HAL_WIEGAND

*** NEW ROOT ***************************************************
BL51 BANKED LINKER/LOCATER V6.22.2.0                                                  05/21/2026  17:28:24  PAGE 15



?PR?HAL_WIEGAND_RECEIVE_INTERRUPT?HAL...         -----    -----      -----    -----      -----    -----      060FH    00
>> 01H



SYMBOL TABLE OF MODULE:  .\Objects\SmartDoorLock (?C_STARTUP)

  VALUE           TYPE          NAME
  ----------------------------------

  -------         MODULE        ?C_STARTUP
  C:9517H         SEGMENT       ?C_C51STARTUP
  I:005AH         SEGMENT       ?STACK
  C:0000H         PUBLIC        ?C_STARTUP
  D:00E0H         SYMBOL        ACC
  D:00F0H         SYMBOL        B
  D:0083H         SYMBOL        DPH
  D:0082H         SYMBOL        DPL
  N:0000H         SYMBOL        IBPSTACK
  N:0100H         SYMBOL        IBPSTACKTOP
  N:0080H         SYMBOL        IDATALEN
  C:951AH         SYMBOL        IDATALOOP
  N:0000H         SYMBOL        PBPSTACK
  N:0100H         SYMBOL        PBPSTACKTOP
  N:0000H         SYMBOL        PDATALEN
  N:0000H         SYMBOL        PDATASTART
  N:0000H         SYMBOL        PPAGE
  N:0000H         SYMBOL        PPAGEENABLE
  D:00A0H         SYMBOL        PPAGE_SFR
  D:0081H         SYMBOL        SP
  C:9517H         SYMBOL        STARTUP1
  N:0000H         SYMBOL        XBPSTACK
  N:0000H         SYMBOL        XBPSTACKTOP
  N:0000H         SYMBOL        XDATALEN
  N:0000H         SYMBOL        XDATASTART
  C:0000H         LINE#         126
  C:9517H         LINE#         133
  C:9519H         LINE#         134
  C:951AH         LINE#         135
  C:951BH         LINE#         136
  C:951DH         LINE#         185
  C:9520H         LINE#         196
  -------         ENDMOD        ?C_STARTUP

  -------         MODULE        MAIN
  C:0000H         SYMBOL        _ICE_DUMMY_
  D:0080H         PUBLIC        P0
  D:0090H         PUBLIC        P1
  D:00A0H         PUBLIC        P2
  D:00B0H         PUBLIC        P3
  D:00C0H         PUBLIC        P4
  D:00C8H         PUBLIC        P5
  D:00E8H         PUBLIC        P6
  D:00F8H         PUBLIC        P7
  D:00A8H         PUBLIC        IE
  D:00B8H         PUBLIC        IP
BL51 BANKED LINKER/LOCATER V6.22.2.0                                                  05/21/2026  17:28:24  PAGE 16


  B:0098H.1       PUBLIC        TI
  C:A805H         PUBLIC        _fputc
  C:A39DH         PUBLIC        main
  D:0099H         PUBLIC        SBUF
  D:0098H         PUBLIC        SCON
  D:0088H         PUBLIC        TCON
  D:00F0H         PUBLIC        B
  D:00E0H         PUBLIC        ACC
  D:00D0H         PUBLIC        PSW
  -------         PROC          MAIN
  C:A39DH         LINE#         9
  C:A39DH         LINE#         10
  C:A39DH         LINE#         11
  C:A3A0H         LINE#         12
  C:A3A3H         LINE#         13
  C:A3A6H         LINE#         14
  C:A3AFH         LINE#         15
  C:A3AFH         LINE#         16
  C:A3AFH         LINE#         17
  C:A3B2H         LINE#         18
  C:A3B8H         LINE#         19
  C:A3B8H         LINE#         20
  C:A3BAH         LINE#         21
  C:A3BDH         LINE#         22
  C:A3C0H         LINE#         23
  C:A3C3H         LINE#         24
  C:A3C3H         LINE#         25
  -------         ENDPROC       MAIN
  -------         PROC          _FPUTC
  D:0006H         SYMBOL        ch
  C:A805H         LINE#         28
  C:A805H         LINE#         29
  C:A805H         LINE#         30
  C:A807H         LINE#         31
  C:A80AH         LINE#         32
  C:A80CH         LINE#         33
  C:A80CH         LINE#         34
  -------         ENDPROC       _FPUTC
  -------         ENDMOD        MAIN

  -------         MODULE        HAL_BACKLIGHT
  C:0000H         SYMBOL        _ICE_DUMMY_
  D:0080H         PUBLIC        P0
  D:0090H         PUBLIC        P1
  D:00A0H         PUBLIC        P2
  D:00B0H         PUBLIC        P3
  D:00C0H         PUBLIC        P4
  D:00C8H         PUBLIC        P5
  D:00E8H         PUBLIC        P6
  D:00F8H         PUBLIC        P7
  D:00A8H         PUBLIC        IE
  D:00B8H         PUBLIC        IP
  C:A6C2H         PUBLIC        HAL_BackLight_All_ON
  D:0098H         PUBLIC        SCON
  B:0080H.4       PUBLIC        P04
  D:0088H         PUBLIC        TCON
  B:0080H.5       PUBLIC        P05
BL51 BANKED LINKER/LOCATER V6.22.2.0                                                  05/21/2026  17:28:24  PAGE 17


  B:00E8H.0       PUBLIC        P60
  B:00B0H.3       PUBLIC        P33
  B:0080H.6       PUBLIC        P06
  B:0080H.7       PUBLIC        P07
  B:00C0H.5       PUBLIC        P45
  B:00F8H.5       PUBLIC        P75
  D:00F0H         PUBLIC        B
  D:00E0H         PUBLIC        ACC
  C:A6B1H         PUBLIC        HAL_BackLight_All_OFF
  C:9F40H         PUBLIC        _HAL_BackLight_Control
  D:00D0H         PUBLIC        PSW
  -------         PROC          HAL_BACKLIGHT_ALL_OFF
  C:A6B1H         LINE#         13
  C:A6B1H         LINE#         14
  C:A6B1H         LINE#         15
  C:A6B3H         LINE#         16
  C:A6B5H         LINE#         17
  C:A6B7H         LINE#         18
  C:A6B9H         LINE#         20
  C:A6BBH         LINE#         21
  C:A6BDH         LINE#         22
  C:A6BFH         LINE#         23
  C:A6C1H         LINE#         24
  -------         ENDPROC       HAL_BACKLIGHT_ALL_OFF
  -------         PROC          HAL_BACKLIGHT_ALL_ON
  C:A6C2H         LINE#         26
  C:A6C2H         LINE#         27
  C:A6C2H         LINE#         28
  C:A6C4H         LINE#         29
  C:A6C6H         LINE#         30
  C:A6C8H         LINE#         31
  C:A6CAH         LINE#         33
  C:A6CCH         LINE#         34
  C:A6CEH         LINE#         35
  C:A6D0H         LINE#         36
  C:A6D2H         LINE#         37
  -------         ENDPROC       HAL_BACKLIGHT_ALL_ON
  -------         PROC          _HAL_BACKLIGHT_CONTROL
  D:0007H         SYMBOL        Light
  -------         DO            
  X:05EEH         SYMBOL        numA
  X:05EFH         SYMBOL        numB
  -------         ENDDO         
  C:9F40H         LINE#         39
  C:9F40H         LINE#         40
  C:9F40H         LINE#         42
  C:9F43H         LINE#         43
  C:9F4DH         LINE#         44
  C:9F52H         LINE#         45
  C:9F60H         LINE#         46
  C:9F60H         LINE#         47
  C:9F62H         LINE#         48
  C:9F64H         LINE#         49
  C:9F66H         LINE#         50
  C:9F68H         LINE#         51
  C:9F6AH         LINE#         52
  C:9F6CH         LINE#         53
BL51 BANKED LINKER/LOCATER V6.22.2.0                                                  05/21/2026  17:28:24  PAGE 18


  C:9F6EH         LINE#         54
  C:9F6EH         LINE#         55
  C:9F6EH         LINE#         56
  C:9F7FH         LINE#         57
  C:9F7FH         LINE#         58
  C:9F81H         LINE#         59
  C:9F82H         LINE#         60
  C:9F84H         LINE#         61
  C:9F85H         LINE#         62
  C:9F87H         LINE#         63
  C:9F88H         LINE#         64
  C:9F8AH         LINE#         65
  C:9F8AH         LINE#         66
  C:9F8AH         LINE#         67
  -------         ENDPROC       _HAL_BACKLIGHT_CONTROL
  -------         ENDMOD        HAL_BACKLIGHT

  -------         MODULE        HAL_TASK
  C:0000H         SYMBOL        _ICE_DUMMY_
  D:0080H         PUBLIC        P0
  D:0090H         PUBLIC        P1
  D:00A0H         PUBLIC        P2
  D:00B0H         PUBLIC        P3
  D:00C0H         PUBLIC        P4
  D:00C8H         PUBLIC        P5
  D:00E8H         PUBLIC        P6
  D:00F8H         PUBLIC        P7
  D:00BAH         PUBLIC        P_SW2
  D:00A8H         PUBLIC        IE
  D:00B8H         PUBLIC        IP
  D:0098H         PUBLIC        SCON
  D:0088H         PUBLIC        TCON
  D:00F0H         PUBLIC        B
  C:00A6H         PUBLIC        HAL_Task_Init
  D:00E0H         PUBLIC        ACC
  C:A669H         PUBLIC        HAL_Task
  D:00D0H         PUBLIC        PSW
  -------         PROC          HAL_TASK_INIT
  C:00A6H         LINE#         17
  C:00A6H         LINE#         18
  C:00A6H         LINE#         19
  C:00A9H         LINE#         20
  C:00ACH         LINE#         21
  C:00AFH         LINE#         22
  C:00B2H         LINE#         23
  C:00B5H         LINE#         24
  C:00B8H         LINE#         25
  C:00BBH         LINE#         26
  C:00BEH         LINE#         27
  C:00C1H         LINE#         28
  C:00C4H         LINE#         29
  C:00C7H         LINE#         30
  C:00CAH         LINE#         31
  C:00CDH         LINE#         32
  C:00D0H         LINE#         33
  -------         ENDPROC       HAL_TASK_INIT
  -------         PROC          HAL_TASK
BL51 BANKED LINKER/LOCATER V6.22.2.0                                                  05/21/2026  17:28:24  PAGE 19


  C:A669H         LINE#         35
  C:A669H         LINE#         36
  C:A669H         LINE#         37
  C:A66CH         LINE#         38
  C:A66FH         LINE#         39
  C:A672H         LINE#         40
  C:A675H         LINE#         41
  C:A678H         LINE#         42
  -------         ENDPROC       HAL_TASK
  -------         ENDMOD        HAL_TASK

  -------         MODULE        HAL_TIMER4
  C:0000H         SYMBOL        _ICE_DUMMY_
  D:0080H         PUBLIC        P0
  D:0090H         PUBLIC        P1
  D:00A0H         PUBLIC        P2
  D:00B0H         PUBLIC        P3
  D:00C0H         PUBLIC        P4
  D:00C8H         PUBLIC        P5
  D:00E8H         PUBLIC        P6
  B:00A8H.7       PUBLIC        EA
  D:00F8H         PUBLIC        P7
  D:00A8H         PUBLIC        IE
  D:00B8H         PUBLIC        IP
  C:009EH         PUBLIC        Systick_Halder
  D:0098H         PUBLIC        SCON
  D:0088H         PUBLIC        TCON
  D:00AFH         PUBLIC        IE2
  D:00F0H         PUBLIC        B
  D:00E0H         PUBLIC        ACC
  D:001AH         PUBLIC        systick_ms
  D:00D2H         PUBLIC        T4H
  D:00D3H         PUBLIC        T4L
  D:00D1H         PUBLIC        T4T3M
  C:A67BH         PUBLIC        HAL_Timer4_Init
  D:00D0H         PUBLIC        PSW
  -------         PROC          HAL_TIMER4_INIT
  C:A67BH         LINE#         6
  C:A67BH         LINE#         7
  C:A67BH         LINE#         8
  C:A67EH         LINE#         9
  C:A681H         LINE#         11
  C:A684H         LINE#         12
  C:A687H         LINE#         13
  C:A689H         LINE#         14
  C:A68CH         LINE#         15
  -------         ENDPROC       HAL_TIMER4_INIT
  -------         PROC          SYSTICK_HALDER
  C:009EH         LINE#         17
  C:009EH         LINE#         19
  C:00A1H         LINE#         20
  -------         ENDPROC       SYSTICK_HALDER
  -------         ENDMOD        HAL_TIMER4

  -------         MODULE        HAL_GPIO
  C:0000H         SYMBOL        _ICE_DUMMY_
  D:0093H         PUBLIC        P0M1
BL51 BANKED LINKER/LOCATER V6.22.2.0                                                  05/21/2026  17:28:24  PAGE 20


  D:0092H         PUBLIC        P1M0
  D:0096H         PUBLIC        P2M0
  D:0091H         PUBLIC        P1M1
  D:0080H         PUBLIC        P0
  D:00B2H         PUBLIC        P3M0
  D:0095H         PUBLIC        P2M1
  D:0090H         PUBLIC        P1
  D:00B4H         PUBLIC        P4M0
  D:00B1H         PUBLIC        P3M1
  D:00A0H         PUBLIC        P2
  D:00CAH         PUBLIC        P5M0
  D:00B3H         PUBLIC        P4M1
  D:00B0H         PUBLIC        P3
  D:00CCH         PUBLIC        P6M0
  D:00C9H         PUBLIC        P5M1
  D:00C0H         PUBLIC        P4
  D:00E2H         PUBLIC        P7M0
  D:00CBH         PUBLIC        P6M1
  D:00C8H         PUBLIC        P5
  D:00E8H         PUBLIC        P6
  D:00E1H         PUBLIC        P7M1
  D:00F8H         PUBLIC        P7
  D:00A8H         PUBLIC        IE
  D:00B8H         PUBLIC        IP
  D:0098H         PUBLIC        SCON
  D:0088H         PUBLIC        TCON
  B:00E8H.7       PUBLIC        P67
  D:00F0H         PUBLIC        B
  D:00E0H         PUBLIC        ACC
  C:A3C5H         PUBLIC        HAL_GPIO_Init
  D:00D0H         PUBLIC        PSW
  D:0094H         PUBLIC        P0M0
  -------         PROC          HAL_GPIO_INIT
  C:A3C5H         LINE#         5
  C:A3C5H         LINE#         6
  C:A3C5H         LINE#         7
  C:A3C8H         LINE#         8
  C:A3CBH         LINE#         9
  C:A3CDH         LINE#         10
  C:A3CFH         LINE#         11
  C:A3D1H         LINE#         12
  C:A3D3H         LINE#         13
  C:A3D5H         LINE#         14
  C:A3D7H         LINE#         15
  C:A3D9H         LINE#         16
  C:A3DBH         LINE#         17
  C:A3DDH         LINE#         18
  C:A3DFH         LINE#         19
  C:A3E2H         LINE#         20
  C:A3E4H         LINE#         21
  C:A3E7H         LINE#         22
  C:A3E9H         LINE#         23
  C:A3EBH         LINE#         24
  -------         ENDPROC       HAL_GPIO_INIT
  -------         ENDMOD        HAL_GPIO

  -------         MODULE        HAL_TOUCHKEY
BL51 BANKED LINKER/LOCATER V6.22.2.0                                                  05/21/2026  17:28:24  PAGE 21


  C:0000H         SYMBOL        _ICE_DUMMY_
  D:0080H         PUBLIC        P0
  D:0090H         PUBLIC        P1
  D:00A0H         PUBLIC        P2
  D:00B0H         PUBLIC        P3
  D:00C0H         PUBLIC        P4
  D:00C8H         PUBLIC        P5
  D:00E8H         PUBLIC        P6
  B:00A8H.7       PUBLIC        EA
  D:00F8H         PUBLIC        P7
  D:00A8H         PUBLIC        IE
  D:00B8H         PUBLIC        IP
  C:A515H         PUBLIC        DIFF
  C:7B4CH         PUBLIC        HAL_TouchKey_pro
  C:9366H         PUBLIC        HAL_TouchKey_Interrupt
  X:04DDH         PUBLIC        TouchKey_Task
  D:0098H         PUBLIC        SCON
  D:0088H         PUBLIC        TCON
  D:00AFH         PUBLIC        IE2
  D:00F0H         PUBLIC        B
  D:00E0H         PUBLIC        ACC
  C:90EAH         PUBLIC        HAL_TouchKey_Init
  C:A630H         PUBLIC        _HAL_TouchKey_GetState
  C:9E49H         PUBLIC        HAL_TouchKey_Set_Zero
  D:00D0H         PUBLIC        PSW
  -------         PROC          HAL_TOUCHKEY_INIT
  -------         DO            
  X:05ECH         SYMBOL        i
  -------         ENDDO         
  C:90EAH         LINE#         21
  C:90EAH         LINE#         22
  C:90EAH         LINE#         24
  C:90F0H         LINE#         25
  C:90F2H         LINE#         27
  C:90F6H         LINE#         28
  C:90FAH         LINE#         30
  C:90FFH         LINE#         31
  C:9105H         LINE#         32
  C:9108H         LINE#         33
  C:910AH         LINE#         34
  C:911DH         LINE#         35
  C:911DH         LINE#         36
  C:9141H         LINE#         38
  C:9151H         LINE#         39
  C:915DH         LINE#         40
  C:9169H         LINE#         41
  C:9175H         LINE#         42
  C:917DH         LINE#         43
  C:9182H         LINE#         44
  C:9186H         LINE#         45
  C:918AH         LINE#         46
  C:918EH         LINE#         47
  -------         ENDPROC       HAL_TOUCHKEY_INIT
  -------         PROC          HAL_TOUCHKEY_PRO
  -------         DO            
  X:05ECH         SYMBOL        TKj
  -------         ENDDO         
BL51 BANKED LINKER/LOCATER V6.22.2.0                                                  05/21/2026  17:28:24  PAGE 22


  C:7B4CH         LINE#         49
  C:7B4CH         LINE#         50
  C:7B4CH         LINE#         52
  C:7B55H         LINE#         53
  C:7B55H         LINE#         54
  C:7B57H         LINE#         55
  C:7B5DH         LINE#         56
  C:7B5DH         LINE#         57
  C:7B60H         LINE#         59
  C:7B60H         LINE#         61
  C:7B60H         LINE#         62
  C:7B76H         LINE#         63
  C:7B76H         LINE#         64
  C:7B9EH         LINE#         65
  C:7B9EH         LINE#         66
  C:7BAEH         LINE#         67
  C:7BC6H         LINE#         68
  C:7BC6H         LINE#         69
  C:7BD2H         LINE#         70
  C:7BD4H         LINE#         72
  C:7BE6H         LINE#         74
  C:7BFEH         LINE#         75
  C:7C04H         LINE#         77
  C:7C04H         LINE#         78
  C:7C07H         LINE#         79
  C:7C39H         LINE#         80
  C:7C39H         LINE#         81
  C:7C49H         LINE#         82
  C:7C55H         LINE#         84
  C:7C62H         LINE#         85
  C:7C79H         LINE#         86
  C:7C89H         LINE#         87
  C:7C8CH         LINE#         89
  C:7C8CH         LINE#         90
  C:7C9CH         LINE#         91
  C:7CB0H         LINE#         92
  C:7CB0H         LINE#         93
  C:7CC0H         LINE#         94
  C:7CC2H         LINE#         96
  C:7CC2H         LINE#         97
  C:7CEDH         LINE#         98
  C:7CEDH         LINE#         99
  C:7D03H         LINE#         100
  C:7D03H         LINE#         101
  C:7D03H         LINE#         103
  C:7D1BH         LINE#         104
  C:7D2AH         LINE#         106
  C:7D39H         LINE#         107
  C:7D39H         LINE#         108
  C:7D42H         LINE#         109
  C:7D42H         LINE#         111
  C:7D42H         LINE#         112
  -------         ENDPROC       HAL_TOUCHKEY_PRO
  -------         PROC          HAL_TOUCHKEY_SET_ZERO
  -------         DO            
  X:05EDH         SYMBOL        TKi
  -------         ENDDO         
BL51 BANKED LINKER/LOCATER V6.22.2.0                                                  05/21/2026  17:28:24  PAGE 23


  C:9E49H         LINE#         113
  C:9E49H         LINE#         114
  C:9E49H         LINE#         116
  C:9E4FH         LINE#         117
  C:9E4FH         LINE#         119
  C:9E5CH         LINE#         120
  C:9E5CH         LINE#         121
  C:9E62H         LINE#         122
  C:9E75H         LINE#         123
  C:9E75H         LINE#         124
  C:9E97H         LINE#         125
  C:9E9FH         LINE#         126
  C:9E9FH         LINE#         127
  C:9E9FH         LINE#         128
  -------         ENDPROC       HAL_TOUCHKEY_SET_ZERO
  -------         PROC          _HAL_TOUCHKEY_GETSTATE
  D:0007H         SYMBOL        TKnum
  C:A630H         LINE#         129
  C:A630H         LINE#         130
  C:A630H         LINE#         131
  C:A63DH         LINE#         132
  C:A63DH         LINE#         133
  C:A640H         LINE#         134
  C:A640H         LINE#         136
  C:A640H         LINE#         137
  C:A642H         LINE#         138
  C:A642H         LINE#         139
  -------         ENDPROC       _HAL_TOUCHKEY_GETSTATE
  -------         PROC          HAL_TOUCHKEY_INTERRUPT
  -------         DO            
  X:060BH         SYMBOL        databuff
  -------         ENDDO         
  C:9366H         LINE#         144
  C:937DH         LINE#         147
  C:938AH         LINE#         148
  C:9393H         LINE#         149
  C:9393H         LINE#         150
  C:939AH         LINE#         151
  C:939AH         LINE#         152
  C:939EH         LINE#         153
  C:939EH         LINE#         154
  C:93A5H         LINE#         155
  C:93AFH         LINE#         156
  C:93D4H         LINE#         157
  C:93DAH         LINE#         158
  C:93DAH         LINE#         159
  C:93E0H         LINE#         160
  C:93E4H         LINE#         161
  C:93E4H         LINE#         162
  C:93E4H         LINE#         163
  -------         ENDPROC       HAL_TOUCHKEY_INTERRUPT
  -------         ENDMOD        HAL_TOUCHKEY

  -------         MODULE        HAL_TFTLCD_SPI
  C:0000H         SYMBOL        _ICE_DUMMY_
  D:0080H         PUBLIC        P0
  D:0090H         PUBLIC        P1
BL51 BANKED LINKER/LOCATER V6.22.2.0                                                  05/21/2026  17:28:24  PAGE 24


  D:00A0H         PUBLIC        P2
  D:00B0H         PUBLIC        P3
  D:00C0H         PUBLIC        P4
  D:00C8H         PUBLIC        P5
  D:00E8H         PUBLIC        P6
  D:00F8H         PUBLIC        P7
  D:00CEH         PUBLIC        SPCTL
  D:00A2H         PUBLIC        P_SW1
  D:00A8H         PUBLIC        IE
  D:00B8H         PUBLIC        IP
  C:A643H         PUBLIC        HAL_TFTLCD_SpiInit
  C:A7AEH         PUBLIC        _HAL_TFTLCD_BL_Control
  D:0098H         PUBLIC        SCON
  D:0088H         PUBLIC        TCON
  B:00C0H.2       PUBLIC        P42
  B:00C0H.3       PUBLIC        P43
  B:00C0H.4       PUBLIC        P44
  C:A6F4H         PUBLIC        _HAL_TFTLCD_WRData8
  B:00F8H.3       PUBLIC        P73
  B:00F8H.4       PUBLIC        P74
  D:00F0H         PUBLIC        B
  D:00E0H         PUBLIC        ACC
  D:00CDH         PUBLIC        SPSTAT
  C:A80DH         PUBLIC        _HAL_TFTLCD_WRREG
  C:A75DH         PUBLIC        _HAL_TFTLCD_WRData16
  C:7F09H         PUBLIC        HAL_TFTLCD_Init
  D:00D0H         PUBLIC        PSW
  D:00CFH         PUBLIC        SPDAT
  -------         PROC          HAL_TFTLCD_SPIINIT
  C:A643H         LINE#         3
  C:A643H         LINE#         4
  C:A643H         LINE#         5
  C:A645H         LINE#         6
  C:A648H         LINE#         7
  C:A64BH         LINE#         9
  C:A64EH         LINE#         10
  C:A651H         LINE#         11
  C:A653H         LINE#         12
  C:A655H         LINE#         13
  -------         ENDPROC       HAL_TFTLCD_SPIINIT
  -------         PROC          _HAL_TFTLCD_BL_CONTROL
  D:0007H         SYMBOL        LCDState
  C:A7AEH         LINE#         14
  C:A7AEH         LINE#         15
  C:A7AEH         LINE#         16
  C:A7B3H         LINE#         17
  C:A7B3H         LINE#         18
  C:A7B5H         LINE#         19
  C:A7B6H         LINE#         21
  C:A7B6H         LINE#         22
  C:A7B8H         LINE#         23
  C:A7B8H         LINE#         24
  -------         ENDPROC       _HAL_TFTLCD_BL_CONTROL
  -------         PROC          HAL_TFTLCD_INIT
  C:7F09H         LINE#         25
  C:7F09H         LINE#         26
  C:7F09H         LINE#         27
BL51 BANKED LINKER/LOCATER V6.22.2.0                                                  05/21/2026  17:28:24  PAGE 25


  C:7F0BH         LINE#         29
  C:7F0DH         LINE#         32
  C:7F12H         LINE#         36
  C:7F17H         LINE#         39
  C:7F1CH         LINE#         40
  C:7F21H         LINE#         41
  C:7F26H         LINE#         42
  C:7F2BH         LINE#         43
  C:7F30H         LINE#         44
  C:7F35H         LINE#         45
  C:7F3AH         LINE#         46
  C:7F3FH         LINE#         47
  C:7F44H         LINE#         48
  C:7F49H         LINE#         49
  C:7F4EH         LINE#         50
  C:7F53H         LINE#         51
  C:7F58H         LINE#         52
  C:7F5DH         LINE#         53
  C:7F62H         LINE#         55
  C:7F67H         LINE#         56
  C:7F6CH         LINE#         58
  C:7F71H         LINE#         59
  C:7F76H         LINE#         60
  C:7F7BH         LINE#         61
  C:7F80H         LINE#         62
  C:7F85H         LINE#         63
  C:7F8AH         LINE#         64
  C:7F8FH         LINE#         65
  C:7F94H         LINE#         66
  C:7F99H         LINE#         67
  C:7F9EH         LINE#         68
  C:7FA3H         LINE#         69
  C:7FA8H         LINE#         70
  C:7FADH         LINE#         71
  C:7FB2H         LINE#         72
  C:7FB7H         LINE#         74
  C:7FBCH         LINE#         75
  C:7FC1H         LINE#         77
  C:7FC6H         LINE#         83
  C:7FCBH         LINE#         88
  C:7FD0H         LINE#         89
  C:7FD5H         LINE#         90
  C:7FDAH         LINE#         91
  C:7FDFH         LINE#         92
  C:7FE4H         LINE#         93
  C:7FE9H         LINE#         94
  C:7FEEH         LINE#         95
  C:7FF3H         LINE#         96
  C:7FF8H         LINE#         97
  C:7FFDH         LINE#         98
  C:8002H         LINE#         99
  C:8007H         LINE#         100
  C:800CH         LINE#         101
  C:8011H         LINE#         102
  C:8016H         LINE#         103
  C:801BH         LINE#         104
  C:8020H         LINE#         105
BL51 BANKED LINKER/LOCATER V6.22.2.0                                                  05/21/2026  17:28:24  PAGE 26


  C:8025H         LINE#         106
  C:802AH         LINE#         107
  C:802FH         LINE#         108
  C:8034H         LINE#         109
  C:8039H         LINE#         110
  C:803EH         LINE#         111
  C:8043H         LINE#         112
  C:8048H         LINE#         113
  C:804DH         LINE#         114
  C:8052H         LINE#         115
  C:8057H         LINE#         116
  C:805CH         LINE#         117
  C:8061H         LINE#         118
  C:8066H         LINE#         119
  C:806BH         LINE#         120
  C:8070H         LINE#         121
  C:8075H         LINE#         123
  C:807AH         LINE#         124
  C:807FH         LINE#         125
  -------         ENDPROC       HAL_TFTLCD_INIT
  -------         PROC          _HAL_TFTLCD_WRDATA8
  D:0007H         SYMBOL        dat
  C:A6F4H         LINE#         127
  C:A6F4H         LINE#         128
  C:A6F4H         LINE#         130
  C:A6F6H         LINE#         131
  C:A6F8H         LINE#         132
  C:A6FDH         LINE#         133
  C:A700H         LINE#         149
  C:A702H         LINE#         150
  -------         ENDPROC       _HAL_TFTLCD_WRDATA8
  -------         PROC          _HAL_TFTLCD_WRDATA16
  D:0004H         SYMBOL        dat
  C:A75DH         LINE#         151
  C:A761H         LINE#         152
  C:A761H         LINE#         153
  C:A766H         LINE#         154
  -------         ENDPROC       _HAL_TFTLCD_WRDATA16
  -------         PROC          _HAL_TFTLCD_WRREG
  D:0007H         SYMBOL        dat
  C:A80DH         LINE#         156
  C:A80DH         LINE#         157
  C:A80DH         LINE#         158
  C:A80FH         LINE#         159
  C:A812H         LINE#         160
  C:A814H         LINE#         161
  -------         ENDPROC       _HAL_TFTLCD_WRREG
  -------         ENDMOD        HAL_TFTLCD_SPI

  -------         MODULE        HAL_DS1302
  C:0000H         SYMBOL        _ICE_DUMMY_
  D:0080H         PUBLIC        P0
  D:0090H         PUBLIC        P1
  D:00A0H         PUBLIC        P2
  D:00B0H         PUBLIC        P3
  D:00C0H         PUBLIC        P4
  D:00C8H         PUBLIC        P5
BL51 BANKED LINKER/LOCATER V6.22.2.0                                                  05/21/2026  17:28:24  PAGE 27


  D:00E8H         PUBLIC        P6
  D:00F8H         PUBLIC        P7
  D:00A8H         PUBLIC        IE
  D:00B8H         PUBLIC        IP
  D:0098H         PUBLIC        SCON
  D:0088H         PUBLIC        TCON
  B:00F8H.1       PUBLIC        P71
  B:00E8H.4       PUBLIC        P64
  B:00E8H.5       PUBLIC        P65
  C:A575H         PUBLIC        HAL_DS1302_R_Byte
  D:00F0H         PUBLIC        B
  C:A7B9H         PUBLIC        _HAL_DS1302_R_DATA
  C:A310H         PUBLIC        _HAL_DS1302_W_Byte
  D:00E0H         PUBLIC        ACC
  C:A703H         PUBLIC        _HAL_DS1302_W_DATA
  D:00D0H         PUBLIC        PSW
  -------         PROC          L?0014
  -------         ENDPROC       L?0014
  -------         PROC          _HAL_DS1302_W_BYTE
  D:0007H         SYMBOL        dat
  -------         DO            
  X:05F1H         SYMBOL        i
  -------         ENDDO         
  C:A310H         LINE#         7
  C:A310H         LINE#         8
  C:A310H         LINE#         10
  C:A322H         LINE#         11
  C:A322H         LINE#         12
  C:A324H         LINE#         13
  C:A328H         LINE#         14
  C:A32CH         LINE#         16
  C:A32EH         LINE#         17
  C:A332H         LINE#         18
  C:A334H         LINE#         19
  C:A33CH         LINE#         20
  -------         ENDPROC       _HAL_DS1302_W_BYTE
  -------         PROC          HAL_DS1302_R_BYTE
  -------         DO            
  D:0007H         SYMBOL        dat
  D:0006H         SYMBOL        j
  -------         ENDDO         
  C:A575H         LINE#         22
  C:A575H         LINE#         23
  C:A575H         LINE#         25
  C:A577H         LINE#         26
  C:A582H         LINE#         27
  C:A582H         LINE#         28
  C:A584H         LINE#         29
  C:A588H         LINE#         30
  C:A58BH         LINE#         31
  C:A58EH         LINE#         32
  C:A590H         LINE#         33
  C:A593H         LINE#         34
  C:A593H         LINE#         35
  -------         ENDPROC       HAL_DS1302_R_BYTE
  -------         PROC          _HAL_DS1302_W_DATA
  D:0007H         SYMBOL        add
BL51 BANKED LINKER/LOCATER V6.22.2.0                                                  05/21/2026  17:28:24  PAGE 28


  D:0006H         SYMBOL        dat
  C:A703H         LINE#         36
  C:A705H         LINE#         37
  C:A705H         LINE#         38
  C:A705H         LINE#         39
  C:A705H         LINE#         40
  C:A705H         LINE#         41
  C:A708H         LINE#         42
  C:A70DH         LINE#         43
  C:A70FH         LINE#         44
  C:A711H         LINE#         45
  -------         ENDPROC       _HAL_DS1302_W_DATA
  -------         PROC          _HAL_DS1302_R_DATA
  D:0007H         SYMBOL        add
  -------         DO            
  D:0007H         SYMBOL        dat
  -------         ENDDO         
  C:A7B9H         LINE#         46
  C:A7B9H         LINE#         47
  C:A7B9H         LINE#         49
  C:A7B9H         LINE#         50
  C:A7B9H         LINE#         51
  C:A7B9H         LINE#         52
  C:A7BCH         LINE#         53
  C:A7BFH         LINE#         54
  C:A7C1H         LINE#         55
  C:A7C3H         LINE#         56
  C:A7C3H         LINE#         57
  -------         ENDPROC       _HAL_DS1302_R_DATA
  -------         ENDMOD        HAL_DS1302

  -------         MODULE        HAL_PWMA_HORN
  C:0000H         SYMBOL        _ICE_DUMMY_
  D:0080H         PUBLIC        P0
  D:0090H         PUBLIC        P1
  D:00A0H         PUBLIC        P2
  D:00B0H         PUBLIC        P3
  D:00C0H         PUBLIC        P4
  D:00C8H         PUBLIC        P5
  D:00E8H         PUBLIC        P6
  B:00A8H.7       PUBLIC        EA
  D:00F8H         PUBLIC        P7
  D:00A8H         PUBLIC        IE
  D:00B6H         PUBLIC        IP2H
  D:00B8H         PUBLIC        IP
  C:8EDDH         PUBLIC        HAL_PWMA_Interrupt
  C:9BBEH         PUBLIC        HAL_PWMA_Config
  D:0098H         PUBLIC        SCON
  D:0088H         PUBLIC        TCON
  B:00F8H.0       PUBLIC        P70
  D:00F0H         PUBLIC        B
  D:00E0H         PUBLIC        ACC
  D:00B5H         PUBLIC        IP2
  C:A43AH         PUBLIC        HAL_PWMA_Init
  X:068DH         PUBLIC        HAL_HornSound_task
  C:9C20H         PUBLIC        _HAL_PWMA_main
  D:00D0H         PUBLIC        PSW
BL51 BANKED LINKER/LOCATER V6.22.2.0                                                  05/21/2026  17:28:24  PAGE 29


  -------         PROC          HAL_PWMA_CONFIG
  C:9BBEH         LINE#         11
  C:9BBEH         LINE#         12
  C:9BBEH         LINE#         13
  C:9BC1H         LINE#         14
  C:9BC4H         LINE#         15
  C:9BCBH         LINE#         16
  C:9BCFH         LINE#         18
  C:9BD6H         LINE#         19
  C:9BDDH         LINE#         20
  C:9BE4H         LINE#         22
  C:9BEBH         LINE#         23
  C:9BF2H         LINE#         25
  C:9BF7H         LINE#         26
  C:9BF9H         LINE#         28
  C:9BFDH         LINE#         29
  C:9C01H         LINE#         31
  C:9C07H         LINE#         32
  C:9C0BH         LINE#         34
  C:9C12H         LINE#         35
  C:9C16H         LINE#         36
  C:9C1DH         LINE#         37
  C:9C1FH         LINE#         38
  -------         ENDPROC       HAL_PWMA_CONFIG
  -------         PROC          HAL_PWMA_INIT
  C:A43AH         LINE#         39
  C:A43AH         LINE#         40
  C:A43AH         LINE#         41
  C:A43DH         LINE#         42
  C:A43FH         LINE#         43
  C:A444H         LINE#         44
  C:A44AH         LINE#         45
  C:A452H         LINE#         46
  C:A45AH         LINE#         47
  C:A45FH         LINE#         48
  -------         ENDPROC       HAL_PWMA_INIT
  -------         PROC          _HAL_PWMA_MAIN
  D:0007H         SYMBOL        Soundtype
  C:9C20H         LINE#         49
  C:9C20H         LINE#         50
  C:9C20H         LINE#         51
  C:9C2CH         LINE#         52
  C:9C2CH         LINE#         53
  C:9C2CH         LINE#         54
  C:9C31H         LINE#         55
  C:9C32H         LINE#         56
  C:9C32H         LINE#         57
  C:9C38H         LINE#         58
  C:9C3FH         LINE#         59
  C:9C4AH         LINE#         60
  C:9C4DH         LINE#         62
  C:9C5AH         LINE#         63
  C:9C5CH         LINE#         65
  C:9C5CH         LINE#         66
  C:9C5CH         LINE#         67
  C:9C5EH         LINE#         68
  C:9C5EH         LINE#         69
BL51 BANKED LINKER/LOCATER V6.22.2.0                                                  05/21/2026  17:28:24  PAGE 30


  C:9C64H         LINE#         70
  C:9C6AH         LINE#         71
  C:9C6EH         LINE#         73
  C:9C74H         LINE#         74
  C:9C78H         LINE#         75
  C:9C7AH         LINE#         76
  C:9C81H         LINE#         77
  C:9C81H         LINE#         78
  C:9C81H         LINE#         79
  -------         ENDPROC       _HAL_PWMA_MAIN
  -------         PROC          HAL_PWMA_INTERRUPT
  C:8EDDH         LINE#         80
  C:8EECH         LINE#         82
  C:8EF6H         LINE#         83
  C:8EF6H         LINE#         84
  C:8EFAH         LINE#         85
  C:8F09H         LINE#         86
  C:8F09H         LINE#         87
  C:8F09H         LINE#         88
  C:8F09H         LINE#         89
  C:8F09H         LINE#         90
  C:8F13H         LINE#         91
  C:8F23H         LINE#         99
  C:8F23H         LINE#         100
  C:8F31H         LINE#         101
  C:8F42H         LINE#         102
  C:8F42H         LINE#         103
  C:8F44H         LINE#         104
  C:8F4BH         LINE#         105
  C:8F51H         LINE#         106
  C:8F55H         LINE#         108
  C:8F5BH         LINE#         109
  C:8F5FH         LINE#         110
  C:8F61H         LINE#         111
  C:8F68H         LINE#         112
  C:8F68H         LINE#         113
  C:8F71H         LINE#         114
  C:8F71H         LINE#         115
  C:8F78H         LINE#         116
  C:8F7AH         LINE#         117
  C:8F81H         LINE#         118
  C:8F86H         LINE#         119
  C:8F86H         LINE#         120
  C:8F86H         LINE#         121
  C:8F86H         LINE#         122
  C:8F86H         LINE#         123
  C:8F86H         LINE#         124
  C:8F86H         LINE#         125
  -------         ENDPROC       HAL_PWMA_INTERRUPT
  -------         ENDMOD        HAL_PWMA_HORN

  -------         MODULE        HAL_PWMB_RFID
  C:0000H         SYMBOL        _ICE_DUMMY_
  D:0080H         PUBLIC        P0
  D:0090H         PUBLIC        P1
  D:00A0H         PUBLIC        P2
  D:00B0H         PUBLIC        P3
BL51 BANKED LINKER/LOCATER V6.22.2.0                                                  05/21/2026  17:28:24  PAGE 31


  D:00C0H         PUBLIC        P4
  D:00C8H         PUBLIC        P5
  D:00E8H         PUBLIC        P6
  B:00A8H.7       PUBLIC        EA
  D:00F8H         PUBLIC        P7
  D:00A8H         PUBLIC        IE
  D:008FH         PUBLIC        INTCLKO
  D:00B8H         PUBLIC        IP
  C:918FH         SYMBOL        _Hal_PWMB_Signal_Analysis
  X:0630H         PUBLIC        RFID_Task
  C:882DH         PUBLIC        HAL_PWMB_Interrupt
  C:A36FH         PUBLIC        HAL_PWMB_Config
  B:00A0H.2       PUBLIC        P22
  D:0098H         PUBLIC        SCON
  C:0003H         PUBLIC        _Hal_PWMB_GetRfidData
  D:0089H         PUBLIC        TMOD
  D:0088H         PUBLIC        TCON
  C:A5E8H         SYMBOL        Hal_PWMB_RFID_DatResetState
  D:00F0H         PUBLIC        B
  D:008EH         PUBLIC        AUXR
  D:00E0H         PUBLIC        ACC
  C:A4D1H         PUBLIC        Hal_PWMB_RFID_Pro
  D:008CH         PUBLIC        TH0
  D:008AH         PUBLIC        TL0
  B:0088H.4       PUBLIC        TR0
  C:A68DH         PUBLIC        HAL_Timer0_Init
  C:A535H         PUBLIC        HAL_PWMB_RFID_Init
  C:848BH         SYMBOL        _Hal_PWMB_RFID_Process
  D:00D0H         PUBLIC        PSW
  -------         PROC          HAL_PWMB_RFID_INIT
  C:A535H         LINE#         12
  C:A535H         LINE#         13
  C:A535H         LINE#         14
  C:A538H         LINE#         15
  C:A53BH         LINE#         16
  C:A53DH         LINE#         17
  C:A544H         LINE#         18
  C:A548H         LINE#         19
  C:A54CH         LINE#         20
  C:A54EH         LINE#         21
  C:A552H         LINE#         22
  -------         ENDPROC       HAL_PWMB_RFID_INIT
  -------         PROC          HAL_TIMER0_INIT
  C:A68DH         LINE#         25
  C:A68DH         LINE#         26
  C:A68DH         LINE#         27
  C:A690H         LINE#         28
  C:A693H         LINE#         29
  C:A696H         LINE#         30
  C:A699H         LINE#         31
  C:A69CH         LINE#         32
  C:A69EH         LINE#         33
  -------         ENDPROC       HAL_TIMER0_INIT
  -------         PROC          HAL_PWMB_CONFIG
[...]
  C:927EH         LINE#         19
  C:9284H         LINE#         20
  C:9284H         LINE#         21
  C:9287H         LINE#         22
  C:9295H         LINE#         23
  C:92A4H         LINE#         24
  C:92B3H         LINE#         25
  C:92C2H         LINE#         26
  C:92D1H         LINE#         27
  C:92D1H         LINE#         28
  -------         ENDPROC       PARTINIT
  -------         PROC          PARACHECK
  -------         DO            
  X:05ECH         SYMBOL        i
  -------         ENDDO         
  C:9A20H         LINE#         30
  C:9A20H         LINE#         31
  C:9A20H         LINE#         33
  C:9A33H         LINE#         34
  C:9A33H         LINE#         35
  C:9A4BH         LINE#         36
  C:9A4BH         LINE#         37
  C:9A4EH         LINE#         38
  C:9A4EH         LINE#         39
  C:9A56H         LINE#         40
BL51 BANKED LINKER/LOCATER V6.22.2.0                                                  05/21/2026  17:28:24  PAGE 96


  C:9A69H         LINE#         41
  C:9A69H         LINE#         42
  C:9A82H         LINE#         43
  C:9A82H         LINE#         44
  C:9A85H         LINE#         45
  C:9A85H         LINE#         46
  C:9A8DH         LINE#         47
  C:9A8FH         LINE#         48
  -------         ENDPROC       PARACHECK
  -------         PROC          PARATOHISTORY
  -------         DO            
  X:05ECH         SYMBOL        i
  X:05EDH         SYMBOL        j
  -------         ENDDO         
  C:8084H         LINE#         50
  C:8084H         LINE#         51
  C:8084H         LINE#         53
  C:8099H         LINE#         54
  C:8099H         LINE#         55
  C:80AAH         LINE#         56
  C:80BBH         LINE#         57
  C:80CDH         LINE#         58
  C:80CDH         LINE#         59
  C:80EEH         LINE#         60
  C:8109H         LINE#         61
  C:8111H         LINE#         62
  C:811AH         LINE#         63
  C:812CH         LINE#         64
  C:812CH         LINE#         65
  C:813EH         LINE#         66
  C:8150H         LINE#         67
  C:8163H         LINE#         68
  C:8163H         LINE#         69
  C:8182H         LINE#         70
  C:818AH         LINE#         71
  C:8192H         LINE#         72
  C:8197H         LINE#         73
  C:8199H         LINE#         74
  C:819DH         LINE#         75
  C:819FH         LINE#         76
  C:81ABH         LINE#         77
  C:81BAH         LINE#         78
  C:81C9H         LINE#         79
  C:81D8H         LINE#         80
  -------         ENDPROC       PARATOHISTORY
  -------         PROC          _PARACHECKRFIDDATA
  D:0001H         SYMBOL        Rfid_Num
  -------         DO            
  X:05FDH         SYMBOL        i
  -------         ENDDO         
  C:85D6H         LINE#         83
  C:85D6H         LINE#         84
  C:85D6H         LINE#         86
  C:85ECH         LINE#         87
  C:85ECH         LINE#         88
  C:8667H         LINE#         93
  C:8667H         LINE#         94
BL51 BANKED LINKER/LOCATER V6.22.2.0                                                  05/21/2026  17:28:24  PAGE 97


  C:866DH         LINE#         95
  C:866DH         LINE#         96
  C:8676H         LINE#         97
  C:868CH         LINE#         98
  C:868CH         LINE#         99
  C:870CH         LINE#         104
  C:870CH         LINE#         105
  C:8714H         LINE#         106
  C:8714H         LINE#         107
  C:871DH         LINE#         108
  C:871FH         LINE#         109
  -------         ENDPROC       _PARACHECKRFIDDATA
  -------         PROC          _PARACHECKPASSWORDDATA
  D:0001H         SYMBOL        PassWord
  -------         DO            
  X:05F0H         SYMBOL        i
  X:05F1H         SYMBOL        markflag
  -------         ENDDO         
  C:8E25H         LINE#         111
  C:8E25H         LINE#         112
  C:8E25H         LINE#         114
  C:8E2AH         LINE#         115
  C:8E3FH         LINE#         116
  C:8E3FH         LINE#         117
  C:8E52H         LINE#         118
  C:8E52H         LINE#         119
  C:8EBAH         LINE#         123
  C:8EBAH         LINE#         124
  C:8EC0H         LINE#         125
  C:8EC0H         LINE#         126
  C:8EC0H         LINE#         128
  C:8EC0H         LINE#         129
  C:8EC6H         LINE#         130
  C:8EC6H         LINE#         131
  C:8ECFH         LINE#         132
  C:8ED7H         LINE#         133
  C:8ED7H         LINE#         134
  C:8EDAH         LINE#         135
  C:8EDAH         LINE#         136
  C:8EDCH         LINE#         137
  -------         ENDPROC       _PARACHECKPASSWORDDATA
  -------         PROC          _PARAUSERINFO
  D:0007H         SYMBOL        CurrentId
  -------         DO            
  X:05F0H         SYMBOL        i
  X:05F1H         SYMBOL        HaveAddUserId
  -------         ENDDO         
  C:95A3H         LINE#         140
  C:95A3H         LINE#         141
  C:95A3H         LINE#         143
  C:95A8H         LINE#         144
  C:95BAH         LINE#         145
  C:95BAH         LINE#         146
  C:95CDH         LINE#         147
  C:95CDH         LINE#         148
  C:95D3H         LINE#         149
  C:95D3H         LINE#         150
BL51 BANKED LINKER/LOCATER V6.22.2.0                                                  05/21/2026  17:28:24  PAGE 98


  C:95DAH         LINE#         151
  C:95DAH         LINE#         152
  C:95E0H         LINE#         153
  C:95E0H         LINE#         154
  C:95E8H         LINE#         155
  C:95FBH         LINE#         156
  C:95FBH         LINE#         157
  C:960FH         LINE#         158
  C:960FH         LINE#         159
  C:9615H         LINE#         160
  C:9615H         LINE#         161
  C:961CH         LINE#         162
  C:961CH         LINE#         163
  C:9624H         LINE#         164
  C:9624H         LINE#         165
  C:962CH         LINE#         166
  C:962EH         LINE#         167
  -------         ENDPROC       _PARAUSERINFO
  -------         PROC          _PARACOMPARERFIDID
  D:0001H         SYMBOL        Rfid_Num
  -------         DO            
  X:05F0H         SYMBOL        i
  X:05F1H         SYMBOL        HaveAddUserId
  -------         ENDDO         
  C:81E7H         LINE#         169
  C:81E7H         LINE#         170
  C:81E7H         LINE#         172
  C:81ECH         LINE#         173
  C:8201H         LINE#         174
  C:8201H         LINE#         175
  C:8214H         LINE#         176
  C:8214H         LINE#         177
  C:821AH         LINE#         178
  C:8282H         LINE#         182
  C:8282H         LINE#         183
  C:8285H         LINE#         184
  C:8285H         LINE#         185
  C:8285H         LINE#         186
  C:828EH         LINE#         187
  C:82A4H         LINE#         188
  C:82A4H         LINE#         189
  C:82B8H         LINE#         190
  C:82B8H         LINE#         191
  C:82BEH         LINE#         192
  C:832AH         LINE#         196
  C:832AH         LINE#         197
  C:8330H         LINE#         198
  C:8330H         LINE#         199
  C:8330H         LINE#         200
  C:8339H         LINE#         201
  C:833BH         LINE#         202
  -------         ENDPROC       _PARACOMPARERFIDID
  -------         PROC          _PARAGETSUMNUMBER
  D:0007H         SYMBOL        en_ParaType
  D:0001H         SYMBOL        getId
  -------         DO            
  X:05FDH         SYMBOL        i
BL51 BANKED LINKER/LOCATER V6.22.2.0                                                  05/21/2026  17:28:24  PAGE 99


  X:05FEH         SYMBOL        resum
  -------         ENDDO         
  C:892BH         LINE#         204
  C:892BH         LINE#         205
  C:892BH         LINE#         206
  C:8930H         LINE#         207
  C:8935H         LINE#         208
  C:8946H         LINE#         209
  C:8946H         LINE#         210
  C:8946H         LINE#         211
  C:8946H         LINE#         212
  C:895CH         LINE#         213
  C:895CH         LINE#         214
  C:896FH         LINE#         215
  C:896FH         LINE#         216
  C:8975H         LINE#         217
  C:8977H         LINE#         219
  C:8977H         LINE#         220
  C:897DH         LINE#         221
  C:8984H         LINE#         222
  C:8984H         LINE#         223
  C:898CH         LINE#         224
  C:898CH         LINE#         225
  C:898CH         LINE#         226
  C:898CH         LINE#         227
  C:898CH         LINE#         228
  C:899FH         LINE#         229
  C:899FH         LINE#         230
  C:89B3H         LINE#         231
  C:89B3H         LINE#         232
  C:89B9H         LINE#         233
  C:89BBH         LINE#         235
  C:89BBH         LINE#         236
  C:89C1H         LINE#         237
  C:89C8H         LINE#         238
  C:89C8H         LINE#         239
  C:89D0H         LINE#         240
  C:89D0H         LINE#         241
  C:89D0H         LINE#         242
  C:89D0H         LINE#         243
  C:89D0H         LINE#         244
  C:89E3H         LINE#         245
  C:89E3H         LINE#         246
  C:89F5H         LINE#         247
  C:89F5H         LINE#         248
  C:89FBH         LINE#         249
  C:89FDH         LINE#         251
  C:89FDH         LINE#         252
  C:8A03H         LINE#         253
  C:8A0AH         LINE#         254
  C:8A0AH         LINE#         255
  C:8A12H         LINE#         256
  C:8A12H         LINE#         257
  C:8A12H         LINE#         258
  C:8A12H         LINE#         259
  C:8A17H         LINE#         260
  -------         ENDPROC       _PARAGETSUMNUMBER
BL51 BANKED LINKER/LOCATER V6.22.2.0                                                  05/21/2026  17:28:24  PAGE 100


  -------         PROC          _PARASAVEADMINVAIR
  D:0007H         SYMBOL        id
  D:0024H         SYMBOL        vari
  -------         DO            
  X:05FDH         SYMBOL        i
  -------         ENDDO         
  C:93F9H         LINE#         262
  C:93F9H         LINE#         263
  C:93F9H         LINE#         265
  C:940AH         LINE#         266
  C:941DH         LINE#         267
  C:942FH         LINE#         268
  C:942FH         LINE#         269
  C:9450H         LINE#         270
  C:9474H         LINE#         271
  C:947CH         LINE#         272
  -------         ENDPROC       _PARASAVEADMINVAIR
  -------         PROC          _PARASAVENORMALVAIR
  D:0007H         SYMBOL        id
  D:0024H         SYMBOL        vari
  -------         DO            
  X:05FDH         SYMBOL        i
  -------         ENDDO         
  C:993CH         LINE#         275
  C:993CH         LINE#         276
  C:993CH         LINE#         278
  C:994EH         LINE#         279
  C:9963H         LINE#         280
  C:9976H         LINE#         281
  C:9976H         LINE#         282
  C:9997H         LINE#         283
  C:999FH         LINE#         284
  -------         ENDPROC       _PARASAVENORMALVAIR
  -------         PROC          PARASAVEHISTORYVAIR
  D:002EH         SYMBOL        vari
  -------         DO            
  X:05F1H         SYMBOL        id
  -------         ENDDO         
  C:8720H         LINE#         287
  C:8720H         LINE#         288
  C:8720H         LINE#         290
  C:872EH         LINE#         291
  C:872EH         LINE#         292
  C:8733H         LINE#         293
  C:8738H         LINE#         294
  C:873BH         LINE#         295
  C:873DH         LINE#         297
  C:873DH         LINE#         298
  C:8745H         LINE#         299
  C:874AH         LINE#         300
  C:874FH         LINE#         301
  C:874FH         LINE#         302
  C:8750H         LINE#         303
  C:8750H         LINE#         304
  C:8750H         LINE#         305
  C:8766H         LINE#         306
  C:8778H         LINE#         307
BL51 BANKED LINKER/LOCATER V6.22.2.0                                                  05/21/2026  17:28:24  PAGE 101


  C:878AH         LINE#         308
  C:879CH         LINE#         309
  C:87AEH         LINE#         310
  C:87C0H         LINE#         311
  C:87D2H         LINE#         312
  C:87E4H         LINE#         313
  C:87F6H         LINE#         314
  C:8805H         LINE#         315
  -------         ENDPROC       PARASAVEHISTORYVAIR
  -------         PROC          _PARAGETHISTORYVARI
  D:0007H         SYMBOL        NumId
  -------         DO            
  X:05ECH         SYMBOL        id
  -------         ENDDO         
  C:A295H         LINE#         318
  C:A295H         LINE#         319
  C:A295H         LINE#         321
  C:A2A1H         LINE#         322
  C:A2A4H         LINE#         323
  C:A2B2H         LINE#         324
  C:A2B2H         LINE#         329
  C:A2B4H         LINE#         330
  C:A2B6H         LINE#         332
  C:A2B6H         LINE#         340
  C:A2BFH         LINE#         341
  C:A2BFH         LINE#         342
  C:A2C0H         LINE#         343
  C:A2C2H         LINE#         345
  C:A2C2H         LINE#         346
  C:A2CEH         LINE#         347
  C:A2CEH         LINE#         348
  C:A2CEH         LINE#         349
  C:A2D3H         LINE#         350
  -------         ENDPROC       _PARAGETHISTORYVARI
  -------         PROC          PARASAVEALLVAIR
  C:A06AH         LINE#         352
  C:A06AH         LINE#         353
  C:A06AH         LINE#         354
  C:A078H         LINE#         355
  C:A087H         LINE#         356
  C:A096H         LINE#         357
  C:A0A5H         LINE#         358
  -------         ENDPROC       PARASAVEALLVAIR
  -------         ENDMOD        PARA

  -------         MODULE        OS_SYSTEM
  C:0000H         SYMBOL        _ICE_DUMMY_
  C:8F93H         PUBLIC        System_ClockInterrupt
  C:99AEH         PUBLIC        _System_taskcreat
  X:065AH         PUBLIC        task
  C:9B5AH         PUBLIC        System_taskInit
  C:9DF1H         PUBLIC        System_TaskdStart
  -------         PROC          SYSTEM_TASKINIT
  -------         DO            
  X:06A9H         SYMBOL        i
  -------         ENDDO         
  C:9B5AH         LINE#         4
BL51 BANKED LINKER/LOCATER V6.22.2.0                                                  05/21/2026  17:28:24  PAGE 102


  C:9B5AH         LINE#         5
  C:9B5AH         LINE#         7
  C:9B6CH         LINE#         8
  C:9B6CH         LINE#         9
  C:9B81H         LINE#         10
  C:9B91H         LINE#         11
  C:9BA3H         LINE#         12
  C:9BB5H         LINE#         13
  C:9BBDH         LINE#         14
  -------         ENDPROC       SYSTEM_TASKINIT
  -------         PROC          _SYSTEM_TASKCREAT
  D:0008H         SYMBOL        p
  D:0005H         SYMBOL        ID
  D:000CH         SYMBOL        taskperiod
  C:99AEH         LINE#         16
  C:99B4H         LINE#         17
  C:99B4H         LINE#         18
  C:99CFH         LINE#         19
  C:99CFH         LINE#         20
  C:99E8H         LINE#         21
  C:99F8H         LINE#         22
  C:9A0DH         LINE#         23
  C:9A1FH         LINE#         24
  C:9A1FH         LINE#         25
  -------         ENDPROC       _SYSTEM_TASKCREAT
  -------         PROC          SYSTEM_CLOCKINTERRUPT
  -------         DO            
  X:06AAH         SYMBOL        i
  -------         ENDDO         
  C:8F93H         LINE#         27
  C:8F93H         LINE#         28
  C:8F93H         LINE#         30
  C:8FA9H         LINE#         31
  C:8FA9H         LINE#         32
  C:8FC4H         LINE#         33
  C:8FC4H         LINE#         34
  C:8FDCH         LINE#         35
  C:9010H         LINE#         36
  C:9010H         LINE#         37
  C:9026H         LINE#         38
  C:9037H         LINE#         39
  C:9037H         LINE#         40
  C:9037H         LINE#         41
  C:9040H         LINE#         42
  -------         ENDPROC       SYSTEM_CLOCKINTERRUPT
  -------         PROC          SYSTEM_TASKDSTART
  -------         DO            
  X:06ABH         SYMBOL        i
  -------         ENDDO         
  C:9DF1H         LINE#         44
  C:9DF1H         LINE#         45
  C:9DF1H         LINE#         47
  C:9DF1H         LINE#         48
  C:9DF1H         LINE#         49
  C:9E04H         LINE#         50
  C:9E04H         LINE#         51
  C:9E17H         LINE#         52
BL51 BANKED LINKER/LOCATER V6.22.2.0                                                  05/21/2026  17:28:24  PAGE 103


  C:9E17H         LINE#         53
  C:9E2AH         LINE#         54
  C:9E41H         LINE#         55
  C:9E41H         LINE#         56
  -------         ENDPROC       SYSTEM_TASKDSTART
  -------         ENDMOD        OS_SYSTEM

  -------         MODULE        NOTE
  C:0000H         SYMBOL        _ICE_DUMMY_
  -------         ENDMOD        NOTE

  -------         MODULE        ?C?COPY
  C:650CH         PUBLIC        ?C?COPY
  -------         ENDMOD        ?C?COPY

  -------         MODULE        ?C?CLDPTR
  C:6532H         PUBLIC        ?C?CLDPTR
  -------         ENDMOD        ?C?CLDPTR

  -------         MODULE        ?C?CLDOPTR
  C:654BH         PUBLIC        ?C?CLDOPTR
  -------         ENDMOD        ?C?CLDOPTR

  -------         MODULE        ?C?CSTPTR
  C:6578H         PUBLIC        ?C?CSTPTR
  -------         ENDMOD        ?C?CSTPTR

  -------         MODULE        ?C?CSTOPTR
  C:658AH         PUBLIC        ?C?CSTOPTR
  -------         ENDMOD        ?C?CSTOPTR

  -------         MODULE        ?C?UIDIV
  C:65ACH         PUBLIC        ?C?UIDIV
  -------         ENDMOD        ?C?UIDIV

  -------         MODULE        ?C?IILDX
  C:6601H         PUBLIC        ?C?IILDX
  -------         ENDMOD        ?C?IILDX

  -------         MODULE        ?C?ILDPTR
  C:6617H         PUBLIC        ?C?ILDPTR
  -------         ENDMOD        ?C?ILDPTR

  -------         MODULE        ?C?ULDIV
  C:667EH         PUBLIC        ?C?ULDIV
  -------         ENDMOD        ?C?ULDIV

  -------         MODULE        ?C?ULSHR
  C:6710H         PUBLIC        ?C?ULSHR
  -------         ENDMOD        ?C?ULSHR

  -------         MODULE        ?C?LSHL
  C:6723H         PUBLIC        ?C?LSHL
  -------         ENDMOD        ?C?LSHL

  -------         MODULE        ?C?LSTXDATA
  C:6736H         PUBLIC        ?C?LSTXDATA
BL51 BANKED LINKER/LOCATER V6.22.2.0                                                  05/21/2026  17:28:24  PAGE 104


  -------         ENDMOD        ?C?LSTXDATA

  -------         MODULE        ?C?LSTKXDATA
  C:6742H         PUBLIC        ?C?LSTKXDATA
  -------         ENDMOD        ?C?LSTKXDATA

  -------         MODULE        ?C?OFFXADD
  C:6773H         PUBLIC        ?C?OFFXADD
  -------         ENDMOD        ?C?OFFXADD

  -------         MODULE        ?C?ICALL
  C:677FH         PUBLIC        ?C?ICALL
  C:6783H         PUBLIC        ?C?ICALL2
  -------         ENDMOD        ?C?ICALL

  -------         MODULE        PRINTF
  D:0022H         PUBLIC        ?_PRINTF517?BYTE
  D:0022H         PUBLIC        ?_PRINTF?BYTE
  D:0022H         PUBLIC        ?_SPRINTF517?BYTE
  D:0022H         PUBLIC        ?_SPRINTF?BYTE
  C:6BC5H         PUBLIC        _PRINTF
  C:6BC5H         PUBLIC        _PRINTF517
  C:6BBFH         PUBLIC        _SPRINTF
  C:6BBFH         PUBLIC        _SPRINTF517
  -------         ENDMOD        PRINTF

  -------         MODULE        ?C?MEMSET
  C:6785H         PUBLIC        ?C?MEMSET
  -------         ENDMOD        ?C?MEMSET

  -------         MODULE        ?C?PLDIIDATA
  C:67B1H         PUBLIC        ?C?PLDIIDATA
  -------         ENDMOD        ?C?PLDIIDATA

  -------         MODULE        ?C?CCASE
  C:67C1H         PUBLIC        ?C?CCASE
  -------         ENDMOD        ?C?CCASE

  -------         MODULE        PUTCHAR
  C:A413H         PUBLIC        _PUTCHAR
  -------         ENDMOD        PUTCHAR

Program Size: data=88.1 xdata=1708 code=43044
LINK/LOCATE RUN COMPLETE.  0 WARNING(S),  0 ERROR(S)
